// Vitest Snapshot v1, https://vitest.dev/guide/snapshot.html

exports[`VoiceControl Component > Snapshot > should match snapshot 1`] = `
<div
  class="voice-control-panel disabled"
>
  <div
    class="voice-header"
  >
    <button
      class="voice-toggle "
    >
      🔇
      <span>
        Mode Voix Inactif
      </span>
    </button>
  </div>
</div>
`;
