Lockfile is up to date, resolution step is skipped
Progress: resolved 1, reused 0, downloaded 0, added 0
Packages: +1709
++++++++++++++++++++++++++++++++++++++++++++++++++++++++++++++++++++++++++++++++
Progress: resolved 1709, reused 1709, downloaded 0, added 1708
Progress: resolved 1709, reused 1709, downloaded 0, added 1709, done

dependencies:
+ @tanstack/react-query 5.90.20
+ @tauri-apps/api 2.9.1
+ @tauri-apps/plugin-dialog 2.6.0
+ @tauri-apps/plugin-fs 2.4.5
+ @tauri-apps/plugin-http 2.5.6
+ @tauri-apps/plugin-shell 2.3.4
+ @types/three 0.182.0
+ @xenova/transformers 2.17.2
+ better-sqlite3 12.6.2
+ clsx 2.1.1
+ date-fns 4.1.0
+ dompurify 3.3.1
+ eventemitter3 5.0.4
+ framer-motion 12.29.2
+ i18next 25.8.0
+ i18next-browser-languagedetector 8.2.0
+ lucide-react 0.563.0
+ react-chrono 3.3.3
+ react-d3-tree 3.6.6
+ react-i18next 16.5.4
+ react-is 19.2.4
+ react-markdown 10.1.0
+ react-router 7.13.0
+ react-router-dom 7.13.0
+ recharts 3.6.0
+ remark-gfm 4.0.1
+ sonner 2.0.7
+ tauri 0.15.0
+ three 0.182.0
+ web-vitals 5.1.0
+ zod 4.3.6
+ zustand 5.0.11

devDependencies:
+ @axe-core/playwright 4.11.0
+ @axe-core/react 4.11.0
+ @chromatic-com/storybook 5.0.0
+ @eslint/eslintrc 3.3.3
+ @eslint/js 9.39.2
+ @playwright/test 1.58.1
+ @sentry/react 10.38.0
+ @storybook/addon-a11y 10.2.3
+ @storybook/addon-docs 10.2.3
+ @storybook/addon-onboarding 10.2.3
+ @storybook/addon-vitest 10.2.3
+ @storybook/react-vite 10.2.3
+ @tailwindcss/postcss 4.1.18
+ @tauri-apps/cli 2.9.6
+ @testing-library/dom 10.4.1
+ @testing-library/jest-dom 6.9.1
+ @testing-library/react 16.3.2
+ @testing-library/user-event 14.6.1
+ @types/better-sqlite3 7.6.13
+ @types/node 25.2.0
+ @types/react 19.2.10
+ @types/react-dom 19.2.3
+ @types/react-router-dom 5.3.3
+ @types/react-window 1.8.8
+ @types/uuid 10.0.0
+ @typescript-eslint/eslint-plugin 8.54.0
+ @typescript-eslint/parser 8.54.0
+ @vitejs/plugin-react 5.1.2
+ @vitest/browser 4.0.18
+ @vitest/browser-playwright 4.0.18
+ @vitest/coverage-v8 4.0.18
+ @vitest/ui 4.0.18
+ @wdio/cli 9.23.3
+ @wdio/local-runner 9.23.3
+ @wdio/mocha-framework 9.23.3
+ @wdio/spec-reporter 9.23.3
+ autoprefixer 10.4.24
+ axe-core 4.11.1
+ baseline-browser-mapping 2.9.19
+ cross-env 10.1.0
+ eslint 9.39.2
+ eslint-config-prettier 10.1.8
+ eslint-plugin-react 7.37.5
+ eslint-plugin-react-hooks 7.0.1
+ eslint-plugin-react-refresh 0.4.26
+ eslint-plugin-storybook 10.2.3
+ happy-dom 20.4.0
+ husky 9.1.7
+ identity-obj-proxy 3.0.0
+ jsdom 27.4.0
+ lightningcss 1.31.1
+ lint-staged 16.2.7
+ mocha 11.7.5
+ playwright 1.58.1
+ postcss 8.5.6
+ prettier 3.8.1
+ react 19.2.4
+ react-dom 19.2.4
+ react-window 2.2.5
+ rollup-plugin-visualizer 6.0.5
+ storybook 10.2.3
+ tailwindcss 4.1.18
+ typescript 5.9.3
+ uuid 13.0.0
+ vite 7.3.1
+ vite-plugin-compression 0.5.1
+ vite-tsconfig-paths 6.0.5
+ vitest 4.0.18
+ webdriverio 9.23.3
+ workbox-build 7.4.0


> titane-infinity@27.0.2 preinstall /home/titane-os/.cache/titane_fastfs/p2_build_97b566d3_20260216_133021
> node scripts/install/enforce-package-manager.cjs


> titane-infinity@27.0.2 prepare /home/titane-os/.cache/titane_fastfs/p2_build_97b566d3_20260216_133021
> husky

╭ Warning ─────────────────────────────────────────────────────────────────────╮
│                                                                              │
│   Ignored build scripts: edgedriver@6.3.0, geckodriver@6.1.0,                │
│   tauri@0.15.0.                                                              │
│   Run "pnpm approve-builds" to pick which dependencies should be allowed     │
│   to run scripts.                                                            │
│                                                                              │
╰──────────────────────────────────────────────────────────────────────────────╯
Done in 2.1s using pnpm v10.28.2
