# 06_BUILD_X3
Timestamp: 2026-03-03T15:16:49-05:00
[POLICY] TOKEN_PRESENT=false
[POLICY] Real build x3 is BLOCKED by policy; running build-safe substitute x3: pnpm run check
[BUILD_SAFE 1/3][START] 2026-03-03T15:16:49-05:00

> titane-infinity@27.2.0 check /home/titane-os/Documents/GitHub/TITANE_INFINITY
> tsc --noEmit

]633;E;{   echo\x3b   echo "## BUILD_SAFE_RETRY_X3 $(date -Iseconds)"\x3b   for i in 1 2 3\x3b do     echo "[BUILD_SAFE_RETRY $i/3][START] $(date -Iseconds)"\x3b     if timeout 600 pnpm run check\x3b then       echo "[BUILD_SAFE_RETRY $i/3][PASS]"\x3b     else       code=$?\x3b echo "[BUILD_SAFE_RETRY $i/3][FAIL] exit=$code"\x3b exit $code\x3b     fi\x3b     echo\x3b   done\x3b   echo "[BUILD_SAFE_RETRY_X3][DONE] $(date -Iseconds)"\x3b } >> "$LOG" 2>&1;0ea79cd0-f8a3-4b72-8194-f2211578015e]633;C
## BUILD_SAFE_RETRY_X3 2026-03-03T15:17:06-05:00
[BUILD_SAFE_RETRY 1/3][START] 2026-03-03T15:17:06-05:00

> titane-infinity@27.2.0 check /home/titane-os/Documents/GitHub/TITANE_INFINITY
> tsc --noEmit

[BUILD_SAFE_RETRY 1/3][PASS]

[BUILD_SAFE_RETRY 2/3][START] 2026-03-03T15:17:25-05:00

> titane-infinity@27.2.0 check /home/titane-os/Documents/GitHub/TITANE_INFINITY
> tsc --noEmit

[BUILD_SAFE_RETRY 2/3][PASS]

[BUILD_SAFE_RETRY 3/3][START] 2026-03-03T15:17:44-05:00

> titane-infinity@27.2.0 check /home/titane-os/Documents/GitHub/TITANE_INFINITY
> tsc --noEmit

[BUILD_SAFE_RETRY 3/3][PASS]

[BUILD_SAFE_RETRY_X3][DONE] 2026-03-03T15:18:02-05:00
[POLICY_FINAL] TOKEN_PRESENT=false ; G_BUILD_X3=BLOCKED ; G_CHECK_X3=PASS (build-safe x3)
