===== RUN_1 START =====

> titane-infinity@27.2.0 verify:invariants-governed /home/titane-os/Documents/GitHub/TITANE_INFINITY
> bash scripts/verify/enforce-invariants-governed.sh

🔒 Invariants Governed Check
============================
FRONT_EXEC_WEB_CALLS=0
BACKEND_HTTP_CLIENT_CALLS_GOV_SCOPE=0
HARDCODED_SECRET_ASSIGNMENTS=0
✅ PASS: governed invariants clean
RUN_1_EXIT=0
===== RUN_1 END =====
===== RUN_2 START =====

> titane-infinity@27.2.0 verify:invariants-governed /home/titane-os/Documents/GitHub/TITANE_INFINITY
> bash scripts/verify/enforce-invariants-governed.sh

🔒 Invariants Governed Check
============================
FRONT_EXEC_WEB_CALLS=0
BACKEND_HTTP_CLIENT_CALLS_GOV_SCOPE=0
HARDCODED_SECRET_ASSIGNMENTS=0
✅ PASS: governed invariants clean
RUN_2_EXIT=0
===== RUN_2 END =====
===== RUN_3 START =====

> titane-infinity@27.2.0 verify:invariants-governed /home/titane-os/Documents/GitHub/TITANE_INFINITY
> bash scripts/verify/enforce-invariants-governed.sh

🔒 Invariants Governed Check
============================
FRONT_EXEC_WEB_CALLS=0
BACKEND_HTTP_CLIENT_CALLS_GOV_SCOPE=0
HARDCODED_SECRET_ASSIGNMENTS=0
✅ PASS: governed invariants clean
RUN_3_EXIT=0
===== RUN_3 END =====
