]633;E;{   echo "# P35_41 EXECUTION X3 2026-02-26T17:17:50Z"\x3b   for i in 1 2 3\x3b do     echo "===== RUN${i} START ====="\x3b     echo "[RUN${i}] git status --porcelain=v1"\x3b     git status --porcelain=v1\x3b     echo "[RUN${i}] verify:invariants-governed"\x3b     if pnpm -s run verify:invariants-governed\x3b then       echo "[RUN${i}] EXIT=0"\x3b     else       echo "[RUN${i}] EXIT=1"\x3b     fi\x3b     echo "[RUN${i}] git ls-remote --heads origin MAIN"\x3b     git ls-remote --heads origin MAIN\x3b     echo "===== RUN${i} END ====="\x3b   done\x3b } > "$RUNLOG" 2>&1;5a62e150-0357-40c0-a627-621b3df1a968]633;C# P35_41 EXECUTION X3 2026-02-26T17:17:50Z
===== RUN1 START =====
[RUN1] git status --porcelain=v1
[RUN1] verify:invariants-governed
🔒 Invariants Governed Check
============================
FRONT_EXEC_WEB_CALLS=0
BACKEND_HTTP_CLIENT_CALLS_GOV_SCOPE=0
HARDCODED_SECRET_ASSIGNMENTS=0
✅ PASS: governed invariants clean
[RUN1] EXIT=0
[RUN1] git ls-remote --heads origin MAIN
d0f9b0d280b8fe554099df66bc84c8e3fdcd46f0	refs/heads/MAIN
===== RUN1 END =====
===== RUN2 START =====
[RUN2] git status --porcelain=v1
[RUN2] verify:invariants-governed
🔒 Invariants Governed Check
============================
FRONT_EXEC_WEB_CALLS=0
BACKEND_HTTP_CLIENT_CALLS_GOV_SCOPE=0
HARDCODED_SECRET_ASSIGNMENTS=0
✅ PASS: governed invariants clean
[RUN2] EXIT=0
[RUN2] git ls-remote --heads origin MAIN
d0f9b0d280b8fe554099df66bc84c8e3fdcd46f0	refs/heads/MAIN
===== RUN2 END =====
===== RUN3 START =====
[RUN3] git status --porcelain=v1
[RUN3] verify:invariants-governed
🔒 Invariants Governed Check
============================
FRONT_EXEC_WEB_CALLS=0
BACKEND_HTTP_CLIENT_CALLS_GOV_SCOPE=0
HARDCODED_SECRET_ASSIGNMENTS=0
✅ PASS: governed invariants clean
[RUN3] EXIT=0
[RUN3] git ls-remote --heads origin MAIN
d0f9b0d280b8fe554099df66bc84c8e3fdcd46f0	refs/heads/MAIN
===== RUN3 END =====
