# X3 RUN START 2026-02-27T15:57:35Z
===== RUN1 START =====

> titane-infinity@27.2.0 verify:invariants-governed /home/titane-os/Documents/GitHub/TITANE_INFINITY
> bash scripts/verify/enforce-invariants-governed.sh

🔒 Invariants Governed Check
============================
FRONT_EXEC_WEB_CALLS=0
BACKEND_HTTP_CLIENT_CALLS_GOV_SCOPE=0
HARDCODED_SECRET_ASSIGNMENTS=0
✅ PASS: governed invariants clean
[RUN1] EXIT=0
===== RUN2 START =====

> titane-infinity@27.2.0 verify:invariants-governed /home/titane-os/Documents/GitHub/TITANE_INFINITY
> bash scripts/verify/enforce-invariants-governed.sh

🔒 Invariants Governed Check
============================
FRONT_EXEC_WEB_CALLS=0
BACKEND_HTTP_CLIENT_CALLS_GOV_SCOPE=0
HARDCODED_SECRET_ASSIGNMENTS=0
✅ PASS: governed invariants clean
[RUN2] EXIT=0
===== RUN3 START =====

> titane-infinity@27.2.0 verify:invariants-governed /home/titane-os/Documents/GitHub/TITANE_INFINITY
> bash scripts/verify/enforce-invariants-governed.sh

🔒 Invariants Governed Check
============================
FRONT_EXEC_WEB_CALLS=0
BACKEND_HTTP_CLIENT_CALLS_GOV_SCOPE=0
HARDCODED_SECRET_ASSIGNMENTS=0
✅ PASS: governed invariants clean
[RUN3] EXIT=0
PASS: governed invariants clean
# X3 RUN END 2026-02-27T15:57:35Z
