# RUN 1 START 2026-02-26T15:01:04Z

> titane-infinity@27.2.0 verify:invariants-governed /home/titane-os/Documents/GitHub/TITANE_INFINITY
> bash scripts/verify/enforce-invariants-governed.sh

🔒 Invariants Governed Check
============================
FRONT_EXEC_WEB_CALLS=0
BACKEND_HTTP_CLIENT_CALLS_GOV_SCOPE=0
HARDCODED_SECRET_ASSIGNMENTS=0
✅ PASS: governed invariants clean
RUN1_EXIT=0
# RUN 1 END 2026-02-26T15:01:05Z
# RUN 2 START 2026-02-26T15:01:05Z

> titane-infinity@27.2.0 verify:invariants-governed /home/titane-os/Documents/GitHub/TITANE_INFINITY
> bash scripts/verify/enforce-invariants-governed.sh

🔒 Invariants Governed Check
============================
FRONT_EXEC_WEB_CALLS=0
BACKEND_HTTP_CLIENT_CALLS_GOV_SCOPE=0
HARDCODED_SECRET_ASSIGNMENTS=0
✅ PASS: governed invariants clean
RUN2_EXIT=0
# RUN 2 END 2026-02-26T15:01:05Z
# RUN 3 START 2026-02-26T15:01:05Z

> titane-infinity@27.2.0 verify:invariants-governed /home/titane-os/Documents/GitHub/TITANE_INFINITY
> bash scripts/verify/enforce-invariants-governed.sh

🔒 Invariants Governed Check
============================
FRONT_EXEC_WEB_CALLS=0
BACKEND_HTTP_CLIENT_CALLS_GOV_SCOPE=0
HARDCODED_SECRET_ASSIGNMENTS=0
✅ PASS: governed invariants clean
RUN3_EXIT=0
# RUN 3 END 2026-02-26T15:01:05Z
