[BUILD 1][START] 2026-03-02T08:47:42-05:00
[BUILD 1][EXIT] 0
       Built application at: /home/titane-os/Documents/GitHub/TITANE_INFINITY/src-tauri/target/release/titane-infinity
    Bundling TITANE-Infinity_27.2.0_amd64.deb (/home/titane-os/Documents/GitHub/TITANE_INFINITY/src-tauri/target/release/bundle/deb/TITANE-Infinity_27.2.0_amd64.deb)
    Bundling TITANE-Infinity-27.2.0-1.x86_64.rpm (/home/titane-os/Documents/GitHub/TITANE_INFINITY/src-tauri/target/release/bundle/rpm/TITANE-Infinity-27.2.0-1.x86_64.rpm)
    Bundling TITANE-Infinity_27.2.0_amd64.AppImage (/home/titane-os/Documents/GitHub/TITANE_INFINITY/src-tauri/target/release/bundle/appimage/TITANE-Infinity_27.2.0_amd64.AppImage)
    Finished 3 bundles at:
        /home/titane-os/Documents/GitHub/TITANE_INFINITY/src-tauri/target/release/bundle/deb/TITANE-Infinity_27.2.0_amd64.deb
        /home/titane-os/Documents/GitHub/TITANE_INFINITY/src-tauri/target/release/bundle/rpm/TITANE-Infinity-27.2.0-1.x86_64.rpm
        /home/titane-os/Documents/GitHub/TITANE_INFINITY/src-tauri/target/release/bundle/appimage/TITANE-Infinity_27.2.0_amd64.AppImage


🔄 Post-Build: Mise à jour automatique de l'icône desktop...

[0;34m╔═══════════════════════════════════════════════════════════════╗[0m
[0;34m║        TITANE∞ - Desktop Icon Auto-Update                    ║[0m
[0;34m╚═══════════════════════════════════════════════════════════════╝[0m

[1;33m[1/4][0m Mise à jour du fichier .desktop avec chemins actuels...
      ✓ AppImage Stable trouvée
[1;33m[2/4][0m Copie du fichier .desktop dans les applications...
      ✓ Fichiers copiés vers:
        - /home/titane-os/.local/share/applications/titane-infinity.desktop
        - /home/titane-os/.local/share/applications/TITANE-Infinity.desktop
[1;33m[3/4][0m Mise à jour du cache des icônes...
      ✓ Cache des applications mis à jour
      ✓ Cache des icônes GTK mis à jour
[1;33m[4/4][0m Vérification de l'installation...
[0;32m✓ Installation réussie![0m

Détails de l'installation:
  • Fichier .desktop: [0;32m/home/titane-os/.local/share/applications/titane-infinity.desktop[0m
  • Binaire: [0;32m/home/titane-os/Documents/GitHub/TITANE_INFINITY/runtime/stable/TITANE-Infinity_27.2.0_amd64.AppImage[0m
  • Icône: [0;32m/home/titane-os/Documents/GitHub/TITANE_INFINITY/src-tauri/icons/128x128.png[0m

[0;34mℹ[0m L'application TITANE∞ est maintenant disponible dans votre menu d'applications
[0;34mℹ[0m Vous pouvez la lancer en cherchant 'TITANE' dans le lanceur d'applications

[1;33mNote:[0m L'icône se mettra automatiquement à jour à chaque build.
      Lancez ce script après chaque compilation pour synchroniser.

✅ Post-Build terminé

[BUILD 2][START] 2026-03-02T08:54:01-05:00
[BUILD 2][EXIT] 0
       Built application at: /home/titane-os/Documents/GitHub/TITANE_INFINITY/src-tauri/target/release/titane-infinity
    Bundling TITANE-Infinity_27.2.0_amd64.deb (/home/titane-os/Documents/GitHub/TITANE_INFINITY/src-tauri/target/release/bundle/deb/TITANE-Infinity_27.2.0_amd64.deb)
    Bundling TITANE-Infinity-27.2.0-1.x86_64.rpm (/home/titane-os/Documents/GitHub/TITANE_INFINITY/src-tauri/target/release/bundle/rpm/TITANE-Infinity-27.2.0-1.x86_64.rpm)
    Bundling TITANE-Infinity_27.2.0_amd64.AppImage (/home/titane-os/Documents/GitHub/TITANE_INFINITY/src-tauri/target/release/bundle/appimage/TITANE-Infinity_27.2.0_amd64.AppImage)
    Finished 3 bundles at:
        /home/titane-os/Documents/GitHub/TITANE_INFINITY/src-tauri/target/release/bundle/deb/TITANE-Infinity_27.2.0_amd64.deb
        /home/titane-os/Documents/GitHub/TITANE_INFINITY/src-tauri/target/release/bundle/rpm/TITANE-Infinity-27.2.0-1.x86_64.rpm
        /home/titane-os/Documents/GitHub/TITANE_INFINITY/src-tauri/target/release/bundle/appimage/TITANE-Infinity_27.2.0_amd64.AppImage


🔄 Post-Build: Mise à jour automatique de l'icône desktop...

[0;34m╔═══════════════════════════════════════════════════════════════╗[0m
[0;34m║        TITANE∞ - Desktop Icon Auto-Update                    ║[0m
[0;34m╚═══════════════════════════════════════════════════════════════╝[0m

[1;33m[1/4][0m Mise à jour du fichier .desktop avec chemins actuels...
      ✓ AppImage Stable trouvée
[1;33m[2/4][0m Copie du fichier .desktop dans les applications...
      ✓ Fichiers copiés vers:
        - /home/titane-os/.local/share/applications/titane-infinity.desktop
        - /home/titane-os/.local/share/applications/TITANE-Infinity.desktop
[1;33m[3/4][0m Mise à jour du cache des icônes...
      ✓ Cache des applications mis à jour
      ✓ Cache des icônes GTK mis à jour
[1;33m[4/4][0m Vérification de l'installation...
[0;32m✓ Installation réussie![0m

Détails de l'installation:
  • Fichier .desktop: [0;32m/home/titane-os/.local/share/applications/titane-infinity.desktop[0m
  • Binaire: [0;32m/home/titane-os/Documents/GitHub/TITANE_INFINITY/runtime/stable/TITANE-Infinity_27.2.0_amd64.AppImage[0m
  • Icône: [0;32m/home/titane-os/Documents/GitHub/TITANE_INFINITY/src-tauri/icons/128x128.png[0m

[0;34mℹ[0m L'application TITANE∞ est maintenant disponible dans votre menu d'applications
[0;34mℹ[0m Vous pouvez la lancer en cherchant 'TITANE' dans le lanceur d'applications

[1;33mNote:[0m L'icône se mettra automatiquement à jour à chaque build.
      Lancez ce script après chaque compilation pour synchroniser.

✅ Post-Build terminé

[BUILD 3][START] 2026-03-02T09:00:13-05:00
[BUILD 3][EXIT] 0
       Built application at: /home/titane-os/Documents/GitHub/TITANE_INFINITY/src-tauri/target/release/titane-infinity
    Bundling TITANE-Infinity_27.2.0_amd64.deb (/home/titane-os/Documents/GitHub/TITANE_INFINITY/src-tauri/target/release/bundle/deb/TITANE-Infinity_27.2.0_amd64.deb)
    Bundling TITANE-Infinity-27.2.0-1.x86_64.rpm (/home/titane-os/Documents/GitHub/TITANE_INFINITY/src-tauri/target/release/bundle/rpm/TITANE-Infinity-27.2.0-1.x86_64.rpm)
    Bundling TITANE-Infinity_27.2.0_amd64.AppImage (/home/titane-os/Documents/GitHub/TITANE_INFINITY/src-tauri/target/release/bundle/appimage/TITANE-Infinity_27.2.0_amd64.AppImage)
    Finished 3 bundles at:
        /home/titane-os/Documents/GitHub/TITANE_INFINITY/src-tauri/target/release/bundle/deb/TITANE-Infinity_27.2.0_amd64.deb
        /home/titane-os/Documents/GitHub/TITANE_INFINITY/src-tauri/target/release/bundle/rpm/TITANE-Infinity-27.2.0-1.x86_64.rpm
        /home/titane-os/Documents/GitHub/TITANE_INFINITY/src-tauri/target/release/bundle/appimage/TITANE-Infinity_27.2.0_amd64.AppImage


🔄 Post-Build: Mise à jour automatique de l'icône desktop...

[0;34m╔═══════════════════════════════════════════════════════════════╗[0m
[0;34m║        TITANE∞ - Desktop Icon Auto-Update                    ║[0m
[0;34m╚═══════════════════════════════════════════════════════════════╝[0m

[1;33m[1/4][0m Mise à jour du fichier .desktop avec chemins actuels...
      ✓ AppImage Stable trouvée
[1;33m[2/4][0m Copie du fichier .desktop dans les applications...
      ✓ Fichiers copiés vers:
        - /home/titane-os/.local/share/applications/titane-infinity.desktop
        - /home/titane-os/.local/share/applications/TITANE-Infinity.desktop
[1;33m[3/4][0m Mise à jour du cache des icônes...
      ✓ Cache des applications mis à jour
      ✓ Cache des icônes GTK mis à jour
[1;33m[4/4][0m Vérification de l'installation...
[0;32m✓ Installation réussie![0m

Détails de l'installation:
  • Fichier .desktop: [0;32m/home/titane-os/.local/share/applications/titane-infinity.desktop[0m
  • Binaire: [0;32m/home/titane-os/Documents/GitHub/TITANE_INFINITY/runtime/stable/TITANE-Infinity_27.2.0_amd64.AppImage[0m
  • Icône: [0;32m/home/titane-os/Documents/GitHub/TITANE_INFINITY/src-tauri/icons/128x128.png[0m

[0;34mℹ[0m L'application TITANE∞ est maintenant disponible dans votre menu d'applications
[0;34mℹ[0m Vous pouvez la lancer en cherchant 'TITANE' dans le lanceur d'applications

[1;33mNote:[0m L'icône se mettra automatiquement à jour à chaque build.
      Lancez ce script après chaque compilation pour synchroniser.

✅ Post-Build terminé

