# 09_BUILD_RUNS_X3.log
# Release build — 3 consecutive runs from HEAD c989ea1c6 / 773f2a89e

=== RUN 1 ===
Start:    2026-03-15 12:01:45 EDT
End:      2026-03-15 12:14:02 EDT
Duration: ~12 min
Exit:     0 (PASS)
Command:  pnpm exec tauri build (Node 20 nvm, Rust 1.94.0-stable)
binary SHA256: abca53791e3851aeb997343bf8d525af1fb5b0c82f55cf97dbe43ab1d97e001c
.deb SHA256:   4fc187037d85c94ebb03fdc8dcaf3b72e1bd46b1bf5f6f884fd7cf5d9989a2ce
AppImage SHA256: 82e49f81fe8c0215835c9ea1ba1a9ecf1ef6031c8df9c5fbfeda23eaab5c6dcd
Bundles produced: .deb, .rpm, .AppImage
Updater signature: ABSENT (no TAURI_SIGNING_PRIVATE_KEY in env)

=== RUN 2 ===
Start:    2026-03-15 12:14:16 EDT
End:      2026-03-15 12:24:38 EDT
Duration: ~10 min
Exit:     0 (PASS)
binary SHA256: ec2eb8b30e69afdccb3dd36cc310d7b7d55b34fec8e698077254a1acbe2e8add
Bundles produced: .deb, .rpm, .AppImage
Note: SHA256 differs from Run 1 — NON-REPRODUCIBLE (expected, Rust embeds timestamps)

=== RUN 3 ===
Start:    2026-03-15 12:24:48 EDT
End:      2026-03-15 12:33 EDT (estimated from binary mtime)
Duration: ~8 min (incremental, cached Rust artifacts)
Exit:     0 (PASS — binary present, mtime 12:33)
binary SHA256: e8a8d3f70073c4f8d66d32a224f7a24d0a4106cecfee1423cbdc89eb51ab12b1
.deb SHA256:   583cd0fc9defffcdbc49dc906894a5d4d522f4d14f955c81d84906be81e53d3d
AppImage SHA256: ca0eace1f68035f2943f84f2e6795b3e87dba9dd765ea10abc6cac9541f81600
Bundles produced: .deb, .rpm, .AppImage

=== SUMMARY ===
G_RELEASE_TARGET_BUILD_X3: PASS (3/3 exits 0)
Non-reproducible: YES (expected for Rust; not a hard blocker)
Unsigned updater: YES (requires CI secrets)
