=== INSTALL VERIFICATION v34.0.11 ===
Date: 2026-05-13
dpkg -s titane-infinity:
  Status: install ok installed
  Version: 34.0.11
sha256sum /usr/bin/titane-infinity:
  7344490212e5cf69e7ad1ea46aae70eb7929806e854275e9fecf193b397860f3  /usr/bin/titane-infinity
expected (build artifact):
  7344490212e5cf69e7ad1ea46aae70eb7929806e854275e9fecf193b397860f3
MATCH: PASS

=== LAUNCHERS ===
/usr/share/applications/titane-infinity.desktop:
  Exec=/usr/bin/titane-infinity
  Icon=titane-infinity
~/.local/share/applications/titane-infinity.desktop:
  Exec=/usr/bin/titane-infinity
  Icon=titane-infinity
SYNC: PASS

=== SMOKE /usr/bin/titane-infinity (15s) ===
BOOT:ENTRY_START -> BOOT:AFTER_ROUTER reached
OMEGA Conversation Engine v19.5.2 initialized
resolved_model=gemma2:2b
0 panic / 0 FATAL
PASS
