vite v7.3.2 building client environment for production...
transforming...
✓ 3961 modules transformed.
Circular chunk: web-vitals -> vendor -> web-vitals. Please adjust the manual chunk logic for these chunks.
Circular chunk: vendor -> validation -> vendor. Please adjust the manual chunk logic for these chunks.
rendering chunks...
[plugin vite:reporter] 
(!) /home/titane-os/Documents/GitHub/TITANE_INFINITY/src/services/monitoring/index.ts is dynamically imported by /home/titane-os/Documents/GitHub/TITANE_INFINITY/src/services/monitoring/index.ts, /home/titane-os/Documents/GitHub/TITANE_INFINITY/src/services/orchestrator/index.ts but also statically imported by /home/titane-os/Documents/GitHub/TITANE_INFINITY/src/hooks/useAppInitialization.ts, /home/titane-os/Documents/GitHub/TITANE_INFINITY/src/lib/errorHandler.ts, /home/titane-os/Documents/GitHub/TITANE_INFINITY/src/services/conversationEngine.ts, /home/titane-os/Documents/GitHub/TITANE_INFINITY/src/services/monitoring/MonitoringDashboard.tsx, dynamic import will not move module into another chunk.

[plugin vite:reporter] 
(!) /home/titane-os/Documents/GitHub/TITANE_INFINITY/src/services/memory/memoryWebEnricher.ts is dynamically imported by /home/titane-os/Documents/GitHub/TITANE_INFINITY/src/services/webResearchService.ts but also statically imported by /home/titane-os/Documents/GitHub/TITANE_INFINITY/src/services/ai/memoryIntegration.ts, dynamic import will not move module into another chunk.

[plugin vite:reporter] 
(!) /home/titane-os/Documents/GitHub/TITANE_INFINITY/src/core/experience/XP_ENGINE.ts is dynamically imported by /home/titane-os/Documents/GitHub/TITANE_INFINITY/src/hooks/useChat.ts but also statically imported by /home/titane-os/Documents/GitHub/TITANE_INFINITY/src/components/experience/XPBar.tsx, /home/titane-os/Documents/GitHub/TITANE_INFINITY/src/main.tsx, /home/titane-os/Documents/GitHub/TITANE_INFINITY/src/services/singularityBridge.ts, dynamic import will not move module into another chunk.

[plugin vite:reporter] 
(!) /home/titane-os/Documents/GitHub/TITANE_INFINITY/src/services/userPreferencesEngine.ts is dynamically imported by /home/titane-os/Documents/GitHub/TITANE_INFINITY/src/hooks/useChat.ts but also statically imported by /home/titane-os/Documents/GitHub/TITANE_INFINITY/src/components/sections/ConversationSection.tsx, /home/titane-os/Documents/GitHub/TITANE_INFINITY/src/pages/ResearchPage.tsx, /home/titane-os/Documents/GitHub/TITANE_INFINITY/src/services/ai/chatEngine.ts, /home/titane-os/Documents/GitHub/TITANE_INFINITY/src/services/conversationEngine.ts, dynamic import will not move module into another chunk.

[plugin vite:reporter] 
(!) /home/titane-os/Documents/GitHub/TITANE_INFINITY/src/services/diagnostic/index.ts is dynamically imported by /home/titane-os/Documents/GitHub/TITANE_INFINITY/src/services/monitoring/index.ts, /home/titane-os/Documents/GitHub/TITANE_INFINITY/src/services/orchestrator/index.ts but also statically imported by /home/titane-os/Documents/GitHub/TITANE_INFINITY/src/services/conversationEngine.ts, /home/titane-os/Documents/GitHub/TITANE_INFINITY/src/services/diagnostic/DiagnosticDashboard.tsx, dynamic import will not move module into another chunk.

[plugin vite:reporter] 
(!) /home/titane-os/Documents/GitHub/TITANE_INFINITY/src/services/explainability/index.ts is dynamically imported by /home/titane-os/Documents/GitHub/TITANE_INFINITY/src/services/monitoring/index.ts but also statically imported by /home/titane-os/Documents/GitHub/TITANE_INFINITY/src/services/conversationEngine.ts, /home/titane-os/Documents/GitHub/TITANE_INFINITY/src/services/explainability/ExplainabilityDashboard.tsx, dynamic import will not move module into another chunk.

[plugin vite:reporter] 
(!) /home/titane-os/Documents/GitHub/TITANE_INFINITY/src/services/orchestrator/index.ts is dynamically imported by /home/titane-os/Documents/GitHub/TITANE_INFINITY/src/services/monitoring/index.ts but also statically imported by /home/titane-os/Documents/GitHub/TITANE_INFINITY/src/services/conversationEngine.ts, /home/titane-os/Documents/GitHub/TITANE_INFINITY/src/services/orchestrator/OrchestratorDashboard.tsx, dynamic import will not move module into another chunk.

[plugin vite:reporter] 
(!) /home/titane-os/Documents/GitHub/TITANE_INFINITY/src/services/security_active/index.ts is dynamically imported by /home/titane-os/Documents/GitHub/TITANE_INFINITY/src/services/monitoring/index.ts, /home/titane-os/Documents/GitHub/TITANE_INFINITY/src/services/orchestrator/index.ts but also statically imported by /home/titane-os/Documents/GitHub/TITANE_INFINITY/src/services/conversationEngine.ts, /home/titane-os/Documents/GitHub/TITANE_INFINITY/src/services/security_active/SecurityDashboard.tsx, dynamic import will not move module into another chunk.

[plugin vite:reporter] 
(!) /home/titane-os/Documents/GitHub/TITANE_INFINITY/src/services/experienceService.ts is dynamically imported by /home/titane-os/Documents/GitHub/TITANE_INFINITY/src/core/experience/XP_ENGINE.ts but also statically imported by /home/titane-os/Documents/GitHub/TITANE_INFINITY/src/hooks/useChat.ts, /home/titane-os/Documents/GitHub/TITANE_INFINITY/src/hooks/useChatMemory.ts, /home/titane-os/Documents/GitHub/TITANE_INFINITY/src/hooks/useConversationEngine.ts, /home/titane-os/Documents/GitHub/TITANE_INFINITY/src/hooks/useExperience.ts, /home/titane-os/Documents/GitHub/TITANE_INFINITY/src/pages/Memory.tsx, dynamic import will not move module into another chunk.

[plugin vite:reporter] 
(!) /home/titane-os/Documents/GitHub/TITANE_INFINITY/src/modules/dataCollector/DataCollectorEngine.ts is dynamically imported by /home/titane-os/Documents/GitHub/TITANE_INFINITY/src/modules/devSudo/devSudoHandler.ts but also statically imported by /home/titane-os/Documents/GitHub/TITANE_INFINITY/src/modules/fusion/FusionEngine.ts, dynamic import will not move module into another chunk.

computing gzip size...
dist/index.html                                             11.85 kB │ gzip:     4.08 kB
dist/assets/titane-reactor-awen-CDlleqco.svg                13.92 kB │ gzip:     2.51 kB
dist/assets/titane-arc-emerald-DnTwtDxb.svg                 18.50 kB │ gzip:     3.32 kB
dist/.vite/manifest.json                                    30.79 kB │ gzip:     2.99 kB
dist/assets/style-DJo0BVUY.css                             573.29 kB │ gzip:    93.26 kB
dist/assets/PerformanceTest-CnXz5CPl.js                      0.42 kB │ gzip:     0.29 kB
dist/assets/index-DUVDh-k3.js                                1.28 kB │ gzip:     0.66 kB
dist/assets/ui-experience-CJ5emSXY.js                        1.36 kB │ gzip:     0.73 kB
dist/assets/Memory-CHZiXrNM.js                               1.50 kB │ gzip:     0.80 kB
dist/assets/ui-branding-DspoUxD8.js                          1.63 kB │ gzip:     0.95 kB
dist/assets/fr-B9WWuK6F.js                                   1.86 kB │ gzip:     0.96 kB
dist/assets/Watchdog-6i4vL5l_.js                             1.89 kB │ gzip:     0.89 kB
dist/assets/SelfHeal-DlZ5JdIY.js                             1.91 kB │ gzip:     0.91 kB
dist/assets/AdaptiveEngine-DZ_6d1I7.js                       1.94 kB │ gzip:     0.90 kB
dist/assets/Sentinel-CuMBdC2P.js                             1.97 kB │ gzip:     0.93 kB
dist/assets/en-Daorm0d3.js                                   2.19 kB │ gzip:     1.05 kB
dist/assets/DetectionOverlay-DTUDwXo1.js                     3.17 kB │ gzip:     1.39 kB
dist/assets/index-t6Ryf0qX.js                                3.34 kB │ gzip:     1.36 kB
dist/assets/cameraChatIntegration-DAp8-7zf.js                3.49 kB │ gzip:     1.37 kB
dist/assets/DocCenterPage-cm78fwtS.js                        3.51 kB │ gzip:     1.74 kB
dist/assets/RealTimeCharts-BhXBWqZM.js                       3.58 kB │ gzip:     0.92 kB
dist/assets/HTFPage-LKVczhZI.js                              4.12 kB │ gzip:     1.68 kB
dist/assets/logLevelConfig-BKJ9szq-.js                       4.12 kB │ gzip:     1.38 kB
dist/assets/app-C84EFyjT.js                                  4.51 kB │ gzip:     1.99 kB
dist/assets/MemorySearchPanel-BmVRXeIb.js                    6.11 kB │ gzip:     2.41 kB
dist/assets/VisionMetricsChart-82iKfCrd.js                   6.26 kB │ gzip:     1.49 kB
dist/assets/EvolutionTimeline-CkwI_WgS.js                    6.85 kB │ gzip:     2.89 kB
dist/assets/ProductionHealthPanel-C_owFoH6.js                6.87 kB │ gzip:     2.30 kB
dist/assets/TitanePage-CYNLoIuZ.js                           6.98 kB │ gzip:     2.25 kB
dist/assets/AdminPage-QPrY3A0d.js                            7.16 kB │ gzip:     2.40 kB
dist/assets/Experience-I6hSqsgQ.js                           7.58 kB │ gzip:     2.42 kB
dist/assets/PerfectFusionDashboard-DB1ngz3d.js               7.94 kB │ gzip:     2.40 kB
dist/assets/CreationStudio-DxpaXa4B.js                       8.27 kB │ gzip:     2.44 kB
dist/assets/EvolutionMonitor-C6rOI5x7.js                     9.07 kB │ gzip:     2.64 kB
dist/assets/TwinsPage-CAxDzvyC.js                            9.25 kB │ gzip:     2.43 kB
dist/assets/TransformationRoadmap-CXediTfM.js                9.56 kB │ gzip:     3.36 kB
dist/assets/ResearchPage-BuUw0RBw.js                        10.20 kB │ gzip:     3.46 kB
dist/assets/VocalDevConsoleEngine-C0llaRW0.js               10.46 kB │ gzip:     3.52 kB
dist/assets/RealityCenter-A2HtoUMb.js                       11.03 kB │ gzip:     2.81 kB
dist/assets/LiveDebuggerEngine-C2v0xWNJ.js                  11.23 kB │ gzip:     3.88 kB
dist/assets/ui-dev-xr64TNrQ.js                              11.29 kB │ gzip:     3.22 kB
dist/assets/SingularityMonitor-BKxnbTwC.js                  11.32 kB │ gzip:     2.94 kB
dist/assets/ui-memory-evolution-DI6Cy-1M.js                 12.25 kB │ gzip:     3.49 kB
dist/assets/UltimateOptimizationDashboard-DOsT47wU.js       12.43 kB │ gzip:     3.50 kB
dist/assets/web-vitals-J_E3b7Hg.js                          12.60 kB │ gzip:     3.86 kB
dist/assets/OrchestrationIntelligenceCenter-DZ9Ha3wy.js     14.38 kB │ gzip:     3.84 kB
dist/assets/d3-tree-BgEqgDEC.js                             14.48 kB │ gzip:     4.30 kB
dist/assets/ui-hyper-BnQwyKYE.js                            15.66 kB │ gzip:     5.02 kB
dist/assets/ui-quantum-BArqwZIN.js                          17.96 kB │ gzip:     3.84 kB
dist/assets/OrchestrationMetaCenter-Cv6Ecbqb.js             18.04 kB │ gzip:     4.46 kB
dist/assets/index-Bw-pQiUU.js                               18.11 kB │ gzip:     5.38 kB
dist/assets/MemoryTreeViewer-By2CVq_T.js                    18.33 kB │ gzip:     4.90 kB
dist/assets/ui-audio-CX3S0190.js                            18.92 kB │ gzip:     5.29 kB
dist/assets/TotalDevPage-B2wY2yms.js                        19.06 kB │ gzip:     5.93 kB
dist/assets/DevPage-B80sWTQa.js                             29.67 kB │ gzip:     8.17 kB
dist/assets/index-Bs0qoY4I.js                               30.87 kB │ gzip:     7.53 kB
dist/assets/motion-AkM2Fd2a.js                              32.23 kB │ gzip:    11.17 kB
dist/assets/ConfigurationHub-DtTmKohH.js                    34.66 kB │ gzip:     8.83 kB
dist/assets/tauri-vendor-KyqfgcBs.js                        35.71 kB │ gzip:     8.01 kB
dist/assets/index-2i0eWgzX.js                               36.63 kB │ gzip:     7.96 kB
dist/assets/ui-optimization-DjRzeIAu.js                     38.36 kB │ gzip:     9.95 kB
dist/assets/GovernanceCenterPage-4qbr2yM7.js                41.78 kB │ gzip:     9.88 kB
dist/assets/SystemCenterPage-C_Lpz-ye.js                    43.89 kB │ gzip:    10.02 kB
dist/assets/TimePage-F1ntO9In.js                            48.70 kB │ gzip:    12.67 kB
dist/assets/telemetryEngine-B_Y-3QJt.js                     56.32 kB │ gzip:    16.61 kB
dist/assets/validation-D4ZC7LYL.js                          69.48 kB │ gzip:    18.87 kB
dist/assets/i18n-jjj6gbc-.js                                72.13 kB │ gzip:    24.17 kB
dist/assets/main-BuHnhlNU.js                                77.20 kB │ gzip:    22.51 kB
dist/assets/chrono-BOU3IMM7.js                             184.96 kB │ gzip:    55.84 kB
dist/assets/ai-transformers-BbHON6kw.js                    202.70 kB │ gzip:    56.91 kB
dist/assets/vendor-onnx-DvOc_54P.js                        544.95 kB │ gzip:   130.28 kB
dist/assets/vendor-D-qmPSyW.js                             961.79 kB │ gzip:   314.06 kB
dist/assets/core-runtime-DDB17-z2.js                     5,395.18 kB │ gzip: 1,877.54 kB

(!) Some chunks are larger than 2500 kB after minification. Consider:
- Using dynamic import() to code-split the application
- Use build.rollupOptions.output.manualChunks to improve chunking: https://rollupjs.org/configuration-options/#output-manualchunks
- Adjust chunk size limit for this warning via build.chunkSizeWarningLimit.
✓ built in 18.26s
✅ Workbox: 69 files precached (3442.00 KB)
⚠️ Workbox warnings: [
  "assets/core-runtime-DDB17-z2.js is 5.4 MB, and won't be precached. Configure maximumFileSizeToCacheInBytes to change this limit."
]

✨ [vite-plugin-compression]:algorithm=gzip - compressed file successfully: 
dist//home/titane-os/Documents/GitHub/TITANE_INFINITY/.vite/manifest.json.gz                                  30.07kb / gzip: 2.92kb
dist//home/titane-os/Documents/GitHub/TITANE_INFINITY/assets/ConfigurationHub-DtTmKohH.js.gz                  33.84kb / gzip: 8.61kb
dist//home/titane-os/Documents/GitHub/TITANE_INFINITY/assets/DevPage-B80sWTQa.js.gz                           28.97kb / gzip: 7.96kb
dist//home/titane-os/Documents/GitHub/TITANE_INFINITY/assets/LiveDebuggerEngine-C2v0xWNJ.js.gz                10.97kb / gzip: 3.79kb
dist//home/titane-os/Documents/GitHub/TITANE_INFINITY/assets/OrchestrationIntelligenceCenter-DZ9Ha3wy.js.gz   14.04kb / gzip: 3.73kb
dist//home/titane-os/Documents/GitHub/TITANE_INFINITY/assets/MemoryTreeViewer-By2CVq_T.js.gz                  17.90kb / gzip: 4.77kb
dist//home/titane-os/Documents/GitHub/TITANE_INFINITY/assets/RealityCenter-A2HtoUMb.js.gz                     10.77kb / gzip: 2.74kb
dist//home/titane-os/Documents/GitHub/TITANE_INFINITY/assets/GovernanceCenterPage-4qbr2yM7.js.gz              40.80kb / gzip: 9.61kb
dist//home/titane-os/Documents/GitHub/TITANE_INFINITY/assets/OrchestrationMetaCenter-Cv6Ecbqb.js.gz           17.62kb / gzip: 4.34kb
dist//home/titane-os/Documents/GitHub/TITANE_INFINITY/assets/SingularityMonitor-BKxnbTwC.js.gz                11.06kb / gzip: 2.85kb
dist//home/titane-os/Documents/GitHub/TITANE_INFINITY/assets/TotalDevPage-B2wY2yms.js.gz                      18.62kb / gzip: 5.79kb
dist//home/titane-os/Documents/GitHub/TITANE_INFINITY/assets/UltimateOptimizationDashboard-DOsT47wU.js.gz     12.14kb / gzip: 3.40kb
dist//home/titane-os/Documents/GitHub/TITANE_INFINITY/assets/VocalDevConsoleEngine-C0llaRW0.js.gz             10.22kb / gzip: 3.43kb
dist//home/titane-os/Documents/GitHub/TITANE_INFINITY/assets/SystemCenterPage-C_Lpz-ye.js.gz                  42.87kb / gzip: 9.74kb
dist//home/titane-os/Documents/GitHub/TITANE_INFINITY/assets/TimePage-F1ntO9In.js.gz                          47.56kb / gzip: 12.33kb
dist//home/titane-os/Documents/GitHub/TITANE_INFINITY/assets/d3-tree-BgEqgDEC.js.gz                           14.14kb / gzip: 4.19kb
dist//home/titane-os/Documents/GitHub/TITANE_INFINITY/assets/index-Bs0qoY4I.js.gz                             30.15kb / gzip: 7.32kb
dist//home/titane-os/Documents/GitHub/TITANE_INFINITY/assets/index-2i0eWgzX.js.gz                             35.77kb / gzip: 7.76kb
dist//home/titane-os/Documents/GitHub/TITANE_INFINITY/assets/index-Bw-pQiUU.js.gz                             17.68kb / gzip: 5.24kb
dist//home/titane-os/Documents/GitHub/TITANE_INFINITY/assets/tauri-vendor-KyqfgcBs.js.gz                      34.87kb / gzip: 7.80kb
dist//home/titane-os/Documents/GitHub/TITANE_INFINITY/assets/motion-AkM2Fd2a.js.gz                            31.47kb / gzip: 10.88kb
dist//home/titane-os/Documents/GitHub/TITANE_INFINITY/assets/ui-audio-CX3S0190.js.gz                          18.48kb / gzip: 5.16kb
dist//home/titane-os/Documents/GitHub/TITANE_INFINITY/assets/ui-dev-xr64TNrQ.js.gz                            11.03kb / gzip: 3.14kb
dist//home/titane-os/Documents/GitHub/TITANE_INFINITY/assets/ui-hyper-BnQwyKYE.js.gz                          15.29kb / gzip: 4.90kb
dist//home/titane-os/Documents/GitHub/TITANE_INFINITY/assets/ui-memory-evolution-DI6Cy-1M.js.gz               11.97kb / gzip: 3.41kb
dist//home/titane-os/Documents/GitHub/TITANE_INFINITY/assets/ui-quantum-BArqwZIN.js.gz                        17.54kb / gzip: 3.73kb
dist//home/titane-os/Documents/GitHub/TITANE_INFINITY/assets/web-vitals-J_E3b7Hg.js.gz                        12.30kb / gzip: 3.76kb
dist//home/titane-os/Documents/GitHub/TITANE_INFINITY/assets/ui-optimization-DjRzeIAu.js.gz                   37.46kb / gzip: 9.70kb
dist//home/titane-os/Documents/GitHub/TITANE_INFINITY/sw.js.gz                                                15.48kb / gzip: 3.60kb
dist//home/titane-os/Documents/GitHub/TITANE_INFINITY/index.html.gz                                           11.57kb / gzip: 3.99kb
dist//home/titane-os/Documents/GitHub/TITANE_INFINITY/assets/i18n-jjj6gbc-.js.gz                              70.44kb / gzip: 23.59kb
dist//home/titane-os/Documents/GitHub/TITANE_INFINITY/assets/main-BuHnhlNU.js.gz                              75.39kb / gzip: 21.95kb
dist//home/titane-os/Documents/GitHub/TITANE_INFINITY/assets/telemetryEngine-B_Y-3QJt.js.gz                   55.00kb / gzip: 16.19kb
dist//home/titane-os/Documents/GitHub/TITANE_INFINITY/assets/validation-D4ZC7LYL.js.gz                        67.85kb / gzip: 18.39kb
dist//home/titane-os/Documents/GitHub/TITANE_INFINITY/assets/chrono-BOU3IMM7.js.gz                            180.63kb / gzip: 54.41kb
dist//home/titane-os/Documents/GitHub/TITANE_INFINITY/assets/ai-transformers-BbHON6kw.js.gz                   197.95kb / gzip: 55.48kb
dist//home/titane-os/Documents/GitHub/TITANE_INFINITY/assets/style-DJo0BVUY.css.gz                            559.86kb / gzip: 90.14kb
dist//home/titane-os/Documents/GitHub/TITANE_INFINITY/assets/vendor-onnx-DvOc_54P.js.gz                       532.17kb / gzip: 126.75kb
dist//home/titane-os/Documents/GitHub/TITANE_INFINITY/stats.html.gz                                           2070.41kb / gzip: 213.83kb
dist//home/titane-os/Documents/GitHub/TITANE_INFINITY/assets/vendor-D-qmPSyW.js.gz                            939.25kb / gzip: 306.19kb
dist//home/titane-os/Documents/GitHub/TITANE_INFINITY/assets/core-runtime-DDB17-z2.js.gz                      5268.73kb / gzip: 1832.30kb



✨ [vite-plugin-compression]:algorithm=brotliCompress - compressed file successfully: 
dist//home/titane-os/Documents/GitHub/TITANE_INFINITY/assets/DevPage-B80sWTQa.js.br                           28.97kb / brotliCompress: 7.02kb
dist//home/titane-os/Documents/GitHub/TITANE_INFINITY/assets/ConfigurationHub-DtTmKohH.js.br                  33.84kb / brotliCompress: 7.65kb
dist//home/titane-os/Documents/GitHub/TITANE_INFINITY/.vite/manifest.json.br                                  30.07kb / brotliCompress: 2.50kb
dist//home/titane-os/Documents/GitHub/TITANE_INFINITY/assets/LiveDebuggerEngine-C2v0xWNJ.js.br                10.97kb / brotliCompress: 3.38kb
dist//home/titane-os/Documents/GitHub/TITANE_INFINITY/assets/GovernanceCenterPage-4qbr2yM7.js.br              40.80kb / brotliCompress: 8.54kb
dist//home/titane-os/Documents/GitHub/TITANE_INFINITY/assets/OrchestrationIntelligenceCenter-DZ9Ha3wy.js.br   14.04kb / brotliCompress: 3.29kb
dist//home/titane-os/Documents/GitHub/TITANE_INFINITY/assets/MemoryTreeViewer-By2CVq_T.js.br                  17.90kb / brotliCompress: 4.27kb
dist//home/titane-os/Documents/GitHub/TITANE_INFINITY/assets/OrchestrationMetaCenter-Cv6Ecbqb.js.br           17.62kb / brotliCompress: 3.87kb
dist//home/titane-os/Documents/GitHub/TITANE_INFINITY/assets/RealityCenter-A2HtoUMb.js.br                     10.77kb / brotliCompress: 2.40kb
dist//home/titane-os/Documents/GitHub/TITANE_INFINITY/assets/SingularityMonitor-BKxnbTwC.js.br                11.06kb / brotliCompress: 2.50kb
dist//home/titane-os/Documents/GitHub/TITANE_INFINITY/assets/UltimateOptimizationDashboard-DOsT47wU.js.br     12.14kb / brotliCompress: 3.02kb
dist//home/titane-os/Documents/GitHub/TITANE_INFINITY/assets/TotalDevPage-B2wY2yms.js.br                      18.62kb / brotliCompress: 5.15kb
dist//home/titane-os/Documents/GitHub/TITANE_INFINITY/assets/TimePage-F1ntO9In.js.br                          47.56kb / brotliCompress: 10.91kb
dist//home/titane-os/Documents/GitHub/TITANE_INFINITY/assets/VocalDevConsoleEngine-C0llaRW0.js.br             10.22kb / brotliCompress: 3.11kb
dist//home/titane-os/Documents/GitHub/TITANE_INFINITY/assets/SystemCenterPage-C_Lpz-ye.js.br                  42.87kb / brotliCompress: 8.55kb
dist//home/titane-os/Documents/GitHub/TITANE_INFINITY/assets/d3-tree-BgEqgDEC.js.br                           14.14kb / brotliCompress: 3.78kb
dist//home/titane-os/Documents/GitHub/TITANE_INFINITY/assets/index-2i0eWgzX.js.br                             35.77kb / brotliCompress: 6.93kb
dist//home/titane-os/Documents/GitHub/TITANE_INFINITY/assets/index-Bs0qoY4I.js.br                             30.15kb / brotliCompress: 6.47kb
dist//home/titane-os/Documents/GitHub/TITANE_INFINITY/assets/index-Bw-pQiUU.js.br                             17.68kb / brotliCompress: 4.64kb
dist//home/titane-os/Documents/GitHub/TITANE_INFINITY/assets/motion-AkM2Fd2a.js.br                            31.47kb / brotliCompress: 9.84kb
dist//home/titane-os/Documents/GitHub/TITANE_INFINITY/assets/tauri-vendor-KyqfgcBs.js.br                      34.87kb / brotliCompress: 6.95kb
dist//home/titane-os/Documents/GitHub/TITANE_INFINITY/assets/ui-audio-CX3S0190.js.br                          18.48kb / brotliCompress: 4.62kb
dist//home/titane-os/Documents/GitHub/TITANE_INFINITY/assets/telemetryEngine-B_Y-3QJt.js.br                   55.00kb / brotliCompress: 14.15kb
dist//home/titane-os/Documents/GitHub/TITANE_INFINITY/assets/ui-dev-xr64TNrQ.js.br                            11.03kb / brotliCompress: 2.73kb
dist//home/titane-os/Documents/GitHub/TITANE_INFINITY/assets/ui-memory-evolution-DI6Cy-1M.js.br               11.97kb / brotliCompress: 3.03kb
dist//home/titane-os/Documents/GitHub/TITANE_INFINITY/assets/ui-hyper-BnQwyKYE.js.br                          15.29kb / brotliCompress: 4.33kb
dist//home/titane-os/Documents/GitHub/TITANE_INFINITY/assets/ui-quantum-BArqwZIN.js.br                        17.54kb / brotliCompress: 3.28kb
dist//home/titane-os/Documents/GitHub/TITANE_INFINITY/assets/web-vitals-J_E3b7Hg.js.br                        12.30kb / brotliCompress: 3.32kb
dist//home/titane-os/Documents/GitHub/TITANE_INFINITY/assets/ui-optimization-DjRzeIAu.js.br                   37.46kb / brotliCompress: 8.64kb
dist//home/titane-os/Documents/GitHub/TITANE_INFINITY/index.html.br                                           11.57kb / brotliCompress: 3.22kb
dist//home/titane-os/Documents/GitHub/TITANE_INFINITY/sw.js.br                                                15.48kb / brotliCompress: 3.04kb
dist//home/titane-os/Documents/GitHub/TITANE_INFINITY/assets/i18n-jjj6gbc-.js.br                              70.44kb / brotliCompress: 20.92kb
dist//home/titane-os/Documents/GitHub/TITANE_INFINITY/assets/main-BuHnhlNU.js.br                              75.39kb / brotliCompress: 19.07kb
dist//home/titane-os/Documents/GitHub/TITANE_INFINITY/assets/validation-D4ZC7LYL.js.br                        67.85kb / brotliCompress: 16.33kb
dist//home/titane-os/Documents/GitHub/TITANE_INFINITY/assets/chrono-BOU3IMM7.js.br                            180.63kb / brotliCompress: 46.90kb
dist//home/titane-os/Documents/GitHub/TITANE_INFINITY/assets/ai-transformers-BbHON6kw.js.br                   197.95kb / brotliCompress: 47.55kb
dist//home/titane-os/Documents/GitHub/TITANE_INFINITY/assets/style-DJo0BVUY.css.br                            559.86kb / brotliCompress: 69.53kb
dist//home/titane-os/Documents/GitHub/TITANE_INFINITY/assets/vendor-onnx-DvOc_54P.js.br                       532.17kb / brotliCompress: 99.51kb
dist//home/titane-os/Documents/GitHub/TITANE_INFINITY/assets/vendor-D-qmPSyW.js.br                            939.25kb / brotliCompress: 260.26kb
dist//home/titane-os/Documents/GitHub/TITANE_INFINITY/stats.html.br                                           2070.41kb / brotliCompress: 144.65kb
dist//home/titane-os/Documents/GitHub/TITANE_INFINITY/assets/core-runtime-DDB17-z2.js.br                      5268.73kb / brotliCompress: 1408.82kb


