# 10_E2E_X3.log

## Browser E2E (Playwright) — NOT RUN THIS SESSION

Reason: No dev server running. Playwright E2E requires vite dev server at :5173.
Starting vite dev server in this session was out of scope (desktop certification only).

Classification: BLOCKED_BY_SCOPE

To run browser E2E:
```bash
TITANE_E2E_USE_WEBSERVER=1 pnpm run test:e2e
# or
pnpm run dev & sleep 10 && pnpm run test:e2e
```

Previous browser E2E results: covered in earlier sessions.
Key coverage: app-launch.spec.ts, chat-interaction.spec.ts, engine-navigation.spec.ts,
system-resilience.spec.ts, visual-engine.spec.ts, admin-main-menu-truth.spec.ts,
audio-center.spec.ts, governance-center.spec.ts, memory-tree-viewer.spec.ts,
production-health.spec.ts, chat-ar20.spec.ts

## Note on Browser vs Desktop Truth
Per I2: Browser E2E is NEVER desktop certification.
Playwright E2E proves L2 runtime truth against Vite dev server (not Tauri binary).
Results from browser E2E do NOT contribute to desktop authority.
