// Vitest Snapshot v1, https://vitest.dev/guide/snapshot.html

exports[`DevTools Dashboard Section > Snapshot > should match snapshot 1`] = `
<div
  class="space-y-6"
>
  <div
    data-testid="section-header"
  >
    <h2>
      System Dashboard
    </h2>
    <p>
      Vue d'ensemble du système TITANE∞
    </p>
  </div>
  <div
    class="p-6 rounded-lg border"
  >
    <div
      class="flex items-center justify-between mb-4"
    >
      <h3
        class="text-lg font-semibold"
      >
        System Health
      </h3>
      <span
        data-testid="status-pill"
      >
        HEALTHY
      </span>
    </div>
    <div
      class="grid grid-cols-3 gap-4"
    >
      <div>
        <div
          class="text-sm mb-1"
        >
          Active Engines
        </div>
        <div
          class="text-2xl font-bold"
        >
          2
           / 
          2
        </div>
      </div>
      <div>
        <div
          class="text-sm mb-1"
        >
          Critical Errors
        </div>
        <div
          class="text-2xl font-bold"
        >
          0
        </div>
      </div>
      <div>
        <div
          class="text-sm mb-1"
        >
          System Uptime
        </div>
        <div
          class="text-2xl font-bold"
        >
          24h 35m
        </div>
      </div>
    </div>
  </div>
  <div
    data-testid="metrics-display"
  >
    <h3
      class="text-base font-semibold mb-3"
    >
      Key Metrics
    </h3>
    <div
      class="grid grid-cols-1 md:grid-cols-2 lg:grid-cols-4 gap-4"
    >
      <div
        data-testid="metric-card-IPC-Latency-P50"
      >
        IPC Latency P50
      </div>
      <div
        data-testid="metric-card-CPU-Usage"
      >
        CPU Usage
      </div>
    </div>
  </div>
  <div>
    <h3
      class="text-base font-semibold mb-3"
    >
      Active Engines
    </h3>
    <div
      class="grid grid-cols-1 md:grid-cols-2 lg:grid-cols-3 gap-4"
    >
      <div
        data-testid="engine-helios"
      >
        Helios
      </div>
      <div
        data-testid="engine-nexus"
      >
        Nexus
      </div>
    </div>
  </div>
</div>
`;
