// Vitest Snapshot v1, https://vitest.dev/guide/snapshot.html

exports[`DevTools Logs Section > Snapshot > should match snapshot 1`] = `
<div
  class="space-y-4 h-full flex flex-col"
>
  <div
    data-testid="section-header"
  >
    System Logs
  </div>
  <div
    data-testid="log-filters"
  >
    <button>
      Filter Errors
    </button>
  </div>
  <div
    class="flex items-center gap-4"
  >
    <span
      class="text-xs"
    >
      Total: 
      <span
        class="font-medium"
      >
        2
      </span>
    </span>
    <span
      class="text-xs"
    >
      Filtered: 
      <span
        class="font-medium"
      >
        2
      </span>
    </span>
    <span
      class="text-xs"
    >
      Errors:
       
      <span
        class="font-medium"
      >
        1
      </span>
    </span>
  </div>
  <div
    class="flex-1 rounded-lg border overflow-y-auto"
    data-testid="log-viewer"
    style="max-height: calc(100vh - 400px);"
  >
    <div>
      <div
        data-testid="log-1"
      >
        Test log 1
      </div>
      <div
        data-testid="log-2"
      >
        Test error
      </div>
      <div />
    </div>
  </div>
</div>
`;
