// Vitest Snapshot v1, https://vitest.dev/guide/snapshot.html

exports[`DevTools Metrics Section > Snapshot > should match snapshot 1`] = `
<div
  class="space-y-6"
>
  <div
    data-testid="section-header"
  >
    System Metrics
  </div>
  <div>
    <h3
      class="text-base font-semibold mb-3"
    >
      IPC Latency
    </h3>
    <div
      class="grid grid-cols-1 md:grid-cols-3 gap-4"
    >
      <div
        data-testid="metric-IPC-Latency-P50"
      >
        IPC Latency P50
      </div>
      <div
        data-testid="metric-IPC-Latency-P90"
      >
        IPC Latency P90
      </div>
    </div>
  </div>
  <div>
    <h3
      class="text-base font-semibold mb-3"
    >
      System Resources
    </h3>
    <div
      class="grid grid-cols-1 md:grid-cols-2 gap-4"
    >
      <div
        data-testid="metric-CPU-Usage"
      >
        CPU Usage
      </div>
      <div
        data-testid="metric-Memory-Usage"
      >
        Memory Usage
      </div>
    </div>
  </div>
  <div>
    <h3
      class="text-base font-semibold mb-3"
    >
      Omega Pipeline
    </h3>
    <div
      class="grid grid-cols-1 gap-4"
    >
      <div
        data-testid="metric-Omega-Duration"
      >
        Omega Duration
      </div>
    </div>
  </div>
  <div>
    <h3
      class="text-base font-semibold mb-3"
    >
      Detailed Statistics
    </h3>
    <div
      class="rounded-lg border overflow-hidden"
    >
      <table
        class="w-full"
      >
        <thead>
          <tr
            class="border-b"
          >
            <th
              class="text-left px-4 py-3 text-xs font-semibold"
            >
              Metric
            </th>
            <th
              class="text-right px-4 py-3 text-xs font-semibold"
            >
              Current
            </th>
            <th
              class="text-right px-4 py-3 text-xs font-semibold"
            >
              Trend
            </th>
            <th
              class="text-right px-4 py-3 text-xs font-semibold"
            >
              Last Update
            </th>
          </tr>
        </thead>
        <tbody>
          <tr
            class="border-b"
          >
            <td
              class="px-4 py-3 text-sm font-medium"
            >
              IPC Latency P50
            </td>
            <td
              class="px-4 py-3 text-sm font-mono text-right"
            >
              12
               
              ms
            </td>
            <td
              class="px-4 py-3 text-sm text-right"
            >
              <span>
                →
              </span>
            </td>
            <td
              class="px-4 py-3 text-xs font-mono text-right"
            >
              07:00:00
            </td>
          </tr>
          <tr
            class="border-b"
          >
            <td
              class="px-4 py-3 text-sm font-medium"
            >
              IPC Latency P90
            </td>
            <td
              class="px-4 py-3 text-sm font-mono text-right"
            >
              25
               
              ms
            </td>
            <td
              class="px-4 py-3 text-sm text-right"
            >
              <span>
                ↘
              </span>
            </td>
            <td
              class="px-4 py-3 text-xs font-mono text-right"
            >
              06:59:50
            </td>
          </tr>
          <tr
            class="border-b"
          >
            <td
              class="px-4 py-3 text-sm font-medium"
            >
              CPU Usage
            </td>
            <td
              class="px-4 py-3 text-sm font-mono text-right"
            >
              34
               
              %
            </td>
            <td
              class="px-4 py-3 text-sm text-right"
            >
              <span>
                ↗
              </span>
            </td>
            <td
              class="px-4 py-3 text-xs font-mono text-right"
            >
              06:59:40
            </td>
          </tr>
          <tr
            class="border-b"
          >
            <td
              class="px-4 py-3 text-sm font-medium"
            >
              Memory Usage
            </td>
            <td
              class="px-4 py-3 text-sm font-mono text-right"
            >
              512
               
              MB
            </td>
            <td
              class="px-4 py-3 text-sm text-right"
            >
              <span>
                →
              </span>
            </td>
            <td
              class="px-4 py-3 text-xs font-mono text-right"
            >
              06:59:30
            </td>
          </tr>
          <tr
            class=""
          >
            <td
              class="px-4 py-3 text-sm font-medium"
            >
              Omega Duration
            </td>
            <td
              class="px-4 py-3 text-sm font-mono text-right"
            >
              145
               
              ms
            </td>
            <td
              class="px-4 py-3 text-sm text-right"
            >
              <span>
                →
              </span>
            </td>
            <td
              class="px-4 py-3 text-xs font-mono text-right"
            >
              06:59:20
            </td>
          </tr>
        </tbody>
      </table>
    </div>
  </div>
</div>
`;
