// Vitest Snapshot v1, https://vitest.dev/guide/snapshot.html

exports[`LogLine Component > Snapshot > should match snapshot 1`] = `
<div
  class="p-2 font-mono text-sm hover:bg-gray-800 border-b border-gray-800"
>
  <div
    class="flex gap-3"
  >
    <span
      class="text-gray-500 text-xs"
    >
      12:00:00
    </span>
    <span
      class="font-medium text-blue-400"
    >
      INFO
    </span>
    <span
      class="text-gray-400 text-xs"
    >
      [
      system
      ]
    </span>
    <span
      class="flex-1 text-white"
    >
      Test log message
    </span>
  </div>
</div>
`;
