// Vitest Snapshot v1, https://vitest.dev/guide/snapshot.html

exports[`LogLine Component > Snapshot > should match snapshot 1`] = `
<div
  class="p-2 font-mono text-sm hover:bg-titanium-bg-elevated border-b border-titanium-border-subtle"
>
  <div
    class="flex gap-3"
  >
    <span
      class="text-titanium-text-disabled text-xs"
    >
      12:00:00
    </span>
    <span
      class="font-medium text-blue-400"
    >
      INFO
    </span>
    <span
      class="text-titanium-text-tertiary text-xs"
    >
      [
      system
      ]
    </span>
    <span
      class="flex-1 text-titanium-text-primary"
    >
      Test log message
    </span>
  </div>
</div>
`;
