// Vitest Snapshot v1, https://vitest.dev/guide/snapshot.html

exports[`MetricsDisplay Component > Snapshot > should match snapshot 1`] = `
<div
  class="metrics-display bg-titanium-bg-base rounded-lg border border-titanium-border-default p-4"
>
  <div
    class="flex items-center justify-between mb-4"
  >
    <h3
      class="text-lg font-semibold text-titanium-text-secondary"
    >
      📊 System Metrics
    </h3>
    <span
      class="text-xs text-titanium-text-disabled"
    >
      Updated: 
      12:00:00 PM
    </span>
  </div>
  <div
    class="space-y-6"
  >
    <div>
      <h4
        class="text-sm font-medium text-titanium-text-tertiary mb-3"
      >
        System Health
      </h4>
      <div
        class="grid grid-cols-1 md:grid-cols-2 lg:grid-cols-3 gap-4"
      >
        <div
          class="bg-titanium-bg-elevated rounded-lg p-4 border border-titanium-border-default hover:border-titanium-border-strong transition"
        >
          <div
            class="flex items-center justify-between mb-2"
          >
            <span
              class="text-sm text-titanium-text-tertiary"
            >
              Overall Health
            </span>
            <span
              class="text-xs"
            >
              ➡️
            </span>
          </div>
          <div
            class="flex items-baseline gap-2"
          >
            <span
              class="text-2xl font-bold text-red-400"
            >
              100.0
            </span>
            <span
              class="text-sm text-titanium-text-disabled"
            >
              %
            </span>
          </div>
          <div
            class="mt-3"
          >
            <div
              class="h-1 bg-titanium-bg-interactive rounded-full overflow-hidden"
            >
              <div
                class="h-full bg-red-500 transition-all duration-300"
                style="width: 100%;"
              />
            </div>
            <div
              class="flex justify-between text-xs text-titanium-text-disabled mt-1"
            >
              <span>
                0
              </span>
              <span
                class="text-yellow-600"
              >
                70
              </span>
              <span
                class="text-red-600"
              >
                50
              </span>
            </div>
          </div>
        </div>
        <div
          class="bg-titanium-bg-elevated rounded-lg p-4 border border-titanium-border-default hover:border-titanium-border-strong transition"
        >
          <div
            class="flex items-center justify-between mb-2"
          >
            <span
              class="text-sm text-titanium-text-tertiary"
            >
              Active Cores
            </span>
          </div>
          <div
            class="flex items-baseline gap-2"
          >
            <span
              class="text-2xl font-bold text-blue-400"
            >
              4.0
            </span>
            <span
              class="text-sm text-titanium-text-disabled"
            >
              cores
            </span>
          </div>
        </div>
      </div>
    </div>
    <div>
      <h4
        class="text-sm font-medium text-titanium-text-tertiary mb-3"
      >
        Logs & Errors
      </h4>
      <div
        class="grid grid-cols-1 md:grid-cols-2 lg:grid-cols-3 gap-4"
      >
        <div
          class="bg-titanium-bg-elevated rounded-lg p-4 border border-titanium-border-default hover:border-titanium-border-strong transition"
        >
          <div
            class="flex items-center justify-between mb-2"
          >
            <span
              class="text-sm text-titanium-text-tertiary"
            >
              Total Logs
            </span>
          </div>
          <div
            class="flex items-baseline gap-2"
          >
            <span
              class="text-2xl font-bold text-blue-400"
            >
              123.0
            </span>
            <span
              class="text-sm text-titanium-text-disabled"
            >
              entries
            </span>
          </div>
        </div>
        <div
          class="bg-titanium-bg-elevated rounded-lg p-4 border border-titanium-border-default hover:border-titanium-border-strong transition"
        >
          <div
            class="flex items-center justify-between mb-2"
          >
            <span
              class="text-sm text-titanium-text-tertiary"
            >
              Warnings
            </span>
          </div>
          <div
            class="flex items-baseline gap-2"
          >
            <span
              class="text-2xl font-bold text-green-400"
            >
              2.0
            </span>
            <span
              class="text-sm text-titanium-text-disabled"
            >
              warnings
            </span>
          </div>
          <div
            class="mt-3"
          >
            <div
              class="h-1 bg-titanium-bg-interactive rounded-full overflow-hidden"
            >
              <div
                class="h-full bg-green-500 transition-all duration-300"
                style="width: 4%;"
              />
            </div>
            <div
              class="flex justify-between text-xs text-titanium-text-disabled mt-1"
            >
              <span>
                0
              </span>
              <span
                class="text-yellow-600"
              >
                10
              </span>
              <span
                class="text-red-600"
              >
                50
              </span>
            </div>
          </div>
        </div>
        <div
          class="bg-titanium-bg-elevated rounded-lg p-4 border border-titanium-border-default hover:border-titanium-border-strong transition"
        >
          <div
            class="flex items-center justify-between mb-2"
          >
            <span
              class="text-sm text-titanium-text-tertiary"
            >
              Errors
            </span>
          </div>
          <div
            class="flex items-baseline gap-2"
          >
            <span
              class="text-2xl font-bold text-green-400"
            >
              0.0
            </span>
            <span
              class="text-sm text-titanium-text-disabled"
            >
              errors
            </span>
          </div>
          <div
            class="mt-3"
          >
            <div
              class="h-1 bg-titanium-bg-interactive rounded-full overflow-hidden"
            >
              <div
                class="h-full bg-green-500 transition-all duration-300"
                style="width: 0%;"
              />
            </div>
            <div
              class="flex justify-between text-xs text-titanium-text-disabled mt-1"
            >
              <span>
                0
              </span>
              <span
                class="text-yellow-600"
              >
                5
              </span>
              <span
                class="text-red-600"
              >
                20
              </span>
            </div>
          </div>
        </div>
      </div>
    </div>
  </div>
  <div
    class="mt-6 pt-4 border-t border-titanium-border-default flex gap-3"
  >
    <button
      class="px-4 py-2 text-sm bg-blue-600 hover:bg-blue-700 rounded text-titanium-text-primary transition"
    >
      🔄 Refresh
    </button>
    <button
      class="px-4 py-2 text-sm bg-titanium-bg-interactive hover:bg-titanium-bg-overlay rounded text-titanium-text-primary transition"
    >
      💾 Export
    </button>
  </div>
</div>
`;
