=== TSC ===
TSC_EXIT=0
=== ESLINT ===
ESLINT_EXIT=0
=== PRETTIER ===
Checking formatting...
All matched files use Prettier code style!
=== CARGO TEST ===

running 809 tests
....................................................................................... 87/809
....................................................................................... 174/809
....................................................................................... 261/809
................................................................i...i.................. 348/809
...i................................................................................... 435/809
....................................................................................... 522/809
....................................................................................... 609/809
....................................................................................... 696/809
....................................................................................... 783/809
..........................
test result: ok. 806 passed; 0 failed; 3 ignored; 0 measured; 0 filtered out; finished in 2.04s

=== VITEST ===
=== PHASE N CLEAN+BUMP ===
