vite v7.3.2 building client environment for production...
transforming...
✓ 3961 modules transformed.
Circular chunk: web-vitals -> vendor -> web-vitals. Please adjust the manual chunk logic for these chunks.
Circular chunk: vendor -> validation -> vendor. Please adjust the manual chunk logic for these chunks.
rendering chunks...
[plugin vite:reporter] 
(!) /home/titane-os/Documents/GitHub/TITANE_INFINITY/src/services/monitoring/index.ts is dynamically imported by /home/titane-os/Documents/GitHub/TITANE_INFINITY/src/services/monitoring/index.ts, /home/titane-os/Documents/GitHub/TITANE_INFINITY/src/services/orchestrator/index.ts but also statically imported by /home/titane-os/Documents/GitHub/TITANE_INFINITY/src/hooks/useAppInitialization.ts, /home/titane-os/Documents/GitHub/TITANE_INFINITY/src/lib/errorHandler.ts, /home/titane-os/Documents/GitHub/TITANE_INFINITY/src/services/conversationEngine.ts, /home/titane-os/Documents/GitHub/TITANE_INFINITY/src/services/monitoring/MonitoringDashboard.tsx, dynamic import will not move module into another chunk.

[plugin vite:reporter] 
(!) /home/titane-os/Documents/GitHub/TITANE_INFINITY/src/services/memory/memoryWebEnricher.ts is dynamically imported by /home/titane-os/Documents/GitHub/TITANE_INFINITY/src/services/webResearchService.ts but also statically imported by /home/titane-os/Documents/GitHub/TITANE_INFINITY/src/services/ai/memoryIntegration.ts, dynamic import will not move module into another chunk.

[plugin vite:reporter] 
(!) /home/titane-os/Documents/GitHub/TITANE_INFINITY/src/core/experience/XP_ENGINE.ts is dynamically imported by /home/titane-os/Documents/GitHub/TITANE_INFINITY/src/hooks/useChat.ts but also statically imported by /home/titane-os/Documents/GitHub/TITANE_INFINITY/src/components/experience/XPBar.tsx, /home/titane-os/Documents/GitHub/TITANE_INFINITY/src/main.tsx, /home/titane-os/Documents/GitHub/TITANE_INFINITY/src/services/singularityBridge.ts, dynamic import will not move module into another chunk.

[plugin vite:reporter] 
(!) /home/titane-os/Documents/GitHub/TITANE_INFINITY/src/services/userPreferencesEngine.ts is dynamically imported by /home/titane-os/Documents/GitHub/TITANE_INFINITY/src/hooks/useChat.ts but also statically imported by /home/titane-os/Documents/GitHub/TITANE_INFINITY/src/components/sections/ConversationSection.tsx, /home/titane-os/Documents/GitHub/TITANE_INFINITY/src/pages/ResearchPage.tsx, /home/titane-os/Documents/GitHub/TITANE_INFINITY/src/services/ai/chatEngine.ts, /home/titane-os/Documents/GitHub/TITANE_INFINITY/src/services/conversationEngine.ts, dynamic import will not move module into another chunk.

[plugin vite:reporter] 
(!) /home/titane-os/Documents/GitHub/TITANE_INFINITY/src/services/diagnostic/index.ts is dynamically imported by /home/titane-os/Documents/GitHub/TITANE_INFINITY/src/services/monitoring/index.ts, /home/titane-os/Documents/GitHub/TITANE_INFINITY/src/services/orchestrator/index.ts but also statically imported by /home/titane-os/Documents/GitHub/TITANE_INFINITY/src/services/conversationEngine.ts, /home/titane-os/Documents/GitHub/TITANE_INFINITY/src/services/diagnostic/DiagnosticDashboard.tsx, dynamic import will not move module into another chunk.

[plugin vite:reporter] 
(!) /home/titane-os/Documents/GitHub/TITANE_INFINITY/src/services/explainability/index.ts is dynamically imported by /home/titane-os/Documents/GitHub/TITANE_INFINITY/src/services/monitoring/index.ts but also statically imported by /home/titane-os/Documents/GitHub/TITANE_INFINITY/src/services/conversationEngine.ts, /home/titane-os/Documents/GitHub/TITANE_INFINITY/src/services/explainability/ExplainabilityDashboard.tsx, dynamic import will not move module into another chunk.

[plugin vite:reporter] 
(!) /home/titane-os/Documents/GitHub/TITANE_INFINITY/src/services/orchestrator/index.ts is dynamically imported by /home/titane-os/Documents/GitHub/TITANE_INFINITY/src/services/monitoring/index.ts but also statically imported by /home/titane-os/Documents/GitHub/TITANE_INFINITY/src/services/conversationEngine.ts, /home/titane-os/Documents/GitHub/TITANE_INFINITY/src/services/orchestrator/OrchestratorDashboard.tsx, dynamic import will not move module into another chunk.

[plugin vite:reporter] 
(!) /home/titane-os/Documents/GitHub/TITANE_INFINITY/src/services/security_active/index.ts is dynamically imported by /home/titane-os/Documents/GitHub/TITANE_INFINITY/src/services/monitoring/index.ts, /home/titane-os/Documents/GitHub/TITANE_INFINITY/src/services/orchestrator/index.ts but also statically imported by /home/titane-os/Documents/GitHub/TITANE_INFINITY/src/services/conversationEngine.ts, /home/titane-os/Documents/GitHub/TITANE_INFINITY/src/services/security_active/SecurityDashboard.tsx, dynamic import will not move module into another chunk.

[plugin vite:reporter] 
(!) /home/titane-os/Documents/GitHub/TITANE_INFINITY/src/services/experienceService.ts is dynamically imported by /home/titane-os/Documents/GitHub/TITANE_INFINITY/src/core/experience/XP_ENGINE.ts but also statically imported by /home/titane-os/Documents/GitHub/TITANE_INFINITY/src/hooks/useChat.ts, /home/titane-os/Documents/GitHub/TITANE_INFINITY/src/hooks/useChatMemory.ts, /home/titane-os/Documents/GitHub/TITANE_INFINITY/src/hooks/useConversationEngine.ts, /home/titane-os/Documents/GitHub/TITANE_INFINITY/src/hooks/useExperience.ts, /home/titane-os/Documents/GitHub/TITANE_INFINITY/src/pages/Memory.tsx, dynamic import will not move module into another chunk.

[plugin vite:reporter] 
(!) /home/titane-os/Documents/GitHub/TITANE_INFINITY/src/modules/dataCollector/DataCollectorEngine.ts is dynamically imported by /home/titane-os/Documents/GitHub/TITANE_INFINITY/src/modules/devSudo/devSudoHandler.ts but also statically imported by /home/titane-os/Documents/GitHub/TITANE_INFINITY/src/modules/fusion/FusionEngine.ts, dynamic import will not move module into another chunk.

computing gzip size...
dist/index.html                                             11.85 kB │ gzip:     4.08 kB
dist/assets/titane-reactor-awen-CDlleqco.svg                13.92 kB │ gzip:     2.51 kB
dist/assets/titane-arc-emerald-DnTwtDxb.svg                 18.50 kB │ gzip:     3.32 kB
dist/.vite/manifest.json                                    30.79 kB │ gzip:     2.99 kB
dist/assets/style-DJo0BVUY.css                             573.29 kB │ gzip:    93.26 kB
dist/assets/PerformanceTest-CJZJDi3d.js                      0.42 kB │ gzip:     0.29 kB
dist/assets/index-RKNMexFw.js                                1.28 kB │ gzip:     0.66 kB
dist/assets/ui-experience-4TxhAJc5.js                        1.36 kB │ gzip:     0.73 kB
dist/assets/Memory-tBHxcML5.js                               1.50 kB │ gzip:     0.80 kB
dist/assets/ui-branding-DspoUxD8.js                          1.63 kB │ gzip:     0.95 kB
dist/assets/fr-B9WWuK6F.js                                   1.86 kB │ gzip:     0.96 kB
dist/assets/Watchdog-C91-NjyI.js                             1.89 kB │ gzip:     0.89 kB
dist/assets/SelfHeal-CHUvp__y.js                             1.91 kB │ gzip:     0.91 kB
dist/assets/AdaptiveEngine-46zW-rI8.js                       1.94 kB │ gzip:     0.90 kB
dist/assets/Sentinel-Dr3miT0I.js                             1.97 kB │ gzip:     0.93 kB
dist/assets/en-Daorm0d3.js                                   2.19 kB │ gzip:     1.05 kB
dist/assets/DetectionOverlay-BNItoXL8.js                     3.17 kB │ gzip:     1.39 kB
dist/assets/index-DekBgucK.js                                3.34 kB │ gzip:     1.36 kB
dist/assets/cameraChatIntegration-DAp8-7zf.js                3.49 kB │ gzip:     1.37 kB
dist/assets/DocCenterPage-BX3C5b9T.js                        3.51 kB │ gzip:     1.74 kB
dist/assets/RealTimeCharts-BhXBWqZM.js                       3.58 kB │ gzip:     0.92 kB
dist/assets/HTFPage-Du04lQhT.js                              4.12 kB │ gzip:     1.68 kB
dist/assets/logLevelConfig-13ItVezz.js                       4.12 kB │ gzip:     1.38 kB
dist/assets/app-BmxD8NMs.js                                  4.51 kB │ gzip:     1.99 kB
dist/assets/MemorySearchPanel-CHehYOHc.js                    6.11 kB │ gzip:     2.41 kB
dist/assets/VisionMetricsChart-NwF7Hx9q.js                   6.26 kB │ gzip:     1.49 kB
dist/assets/EvolutionTimeline-CkwI_WgS.js                    6.85 kB │ gzip:     2.89 kB
dist/assets/ProductionHealthPanel-HtfmIj3x.js                6.87 kB │ gzip:     2.30 kB
dist/assets/TitanePage-DnA2KT5o.js                           6.98 kB │ gzip:     2.25 kB
dist/assets/AdminPage-B9vnI3aY.js                            7.16 kB │ gzip:     2.41 kB
dist/assets/Experience-CNi8vNYd.js                           7.58 kB │ gzip:     2.42 kB
dist/assets/PerfectFusionDashboard-De3NnYm5.js               7.94 kB │ gzip:     2.39 kB
dist/assets/CreationStudio-DgSsxfk5.js                       8.27 kB │ gzip:     2.44 kB
dist/assets/EvolutionMonitor-B4HCzNuu.js                     9.07 kB │ gzip:     2.64 kB
dist/assets/TwinsPage-B7DHoh1V.js                            9.25 kB │ gzip:     2.43 kB
dist/assets/TransformationRoadmap-CXediTfM.js                9.56 kB │ gzip:     3.36 kB
dist/assets/ResearchPage-DW1ZZUrF.js                        10.20 kB │ gzip:     3.46 kB
dist/assets/VocalDevConsoleEngine-Chj5Hp0A.js               10.46 kB │ gzip:     3.52 kB
dist/assets/RealityCenter-Dfc9W4al.js                       11.03 kB │ gzip:     2.81 kB
dist/assets/LiveDebuggerEngine-g0u43EOK.js                  11.23 kB │ gzip:     3.88 kB
dist/assets/ui-dev-CGTdndFR.js                              11.29 kB │ gzip:     3.22 kB
dist/assets/SingularityMonitor-BpC32Xqu.js                  11.32 kB │ gzip:     2.94 kB
dist/assets/ui-memory-evolution-C7tHKwuK.js                 12.25 kB │ gzip:     3.49 kB
dist/assets/UltimateOptimizationDashboard-CaJ2xfml.js       12.43 kB │ gzip:     3.50 kB
dist/assets/web-vitals-J_E3b7Hg.js                          12.60 kB │ gzip:     3.86 kB
dist/assets/OrchestrationIntelligenceCenter-DOetURWa.js     14.38 kB │ gzip:     3.84 kB
dist/assets/d3-tree-BgEqgDEC.js                             14.48 kB │ gzip:     4.30 kB
dist/assets/ui-hyper-DPudeQXh.js                            15.66 kB │ gzip:     5.02 kB
dist/assets/ui-quantum-BZEPepqM.js                          17.96 kB │ gzip:     3.84 kB
dist/assets/OrchestrationMetaCenter-B6ir23HY.js             18.04 kB │ gzip:     4.46 kB
dist/assets/index-Qud4GyNO.js                               18.11 kB │ gzip:     5.37 kB
dist/assets/MemoryTreeViewer-C2UGPpJp.js                    18.33 kB │ gzip:     4.90 kB
dist/assets/ui-audio-BpBtWAQu.js                            18.92 kB │ gzip:     5.29 kB
dist/assets/TotalDevPage-CTQMVWCw.js                        19.06 kB │ gzip:     5.93 kB
dist/assets/DevPage-xFsTKy_F.js                             29.67 kB │ gzip:     8.17 kB
dist/assets/index-CSXm3-jQ.js                               30.87 kB │ gzip:     7.53 kB
dist/assets/motion-AkM2Fd2a.js                              32.23 kB │ gzip:    11.17 kB
dist/assets/ConfigurationHub-DmALKZ6c.js                    34.66 kB │ gzip:     8.83 kB
dist/assets/tauri-vendor-KyqfgcBs.js                        35.71 kB │ gzip:     8.01 kB
dist/assets/index-hnuTVKFn.js                               36.63 kB │ gzip:     7.96 kB
dist/assets/ui-optimization-BnHToEPv.js                     38.36 kB │ gzip:     9.95 kB
dist/assets/GovernanceCenterPage-B5sUDuC4.js                41.78 kB │ gzip:     9.88 kB
dist/assets/SystemCenterPage-CdEx4RFO.js                    43.89 kB │ gzip:    10.02 kB
dist/assets/TimePage-DHd8gMrt.js                            48.70 kB │ gzip:    12.67 kB
dist/assets/telemetryEngine-DNl-zfXv.js                     56.32 kB │ gzip:    16.61 kB
dist/assets/validation-D4ZC7LYL.js                          69.48 kB │ gzip:    18.87 kB
dist/assets/i18n-jjj6gbc-.js                                72.13 kB │ gzip:    24.17 kB
dist/assets/main-Dm4aENvP.js                                77.20 kB │ gzip:    22.50 kB
dist/assets/chrono-BOU3IMM7.js                             184.96 kB │ gzip:    55.84 kB
dist/assets/ai-transformers-BbHON6kw.js                    202.70 kB │ gzip:    56.91 kB
dist/assets/vendor-onnx-DvOc_54P.js                        544.95 kB │ gzip:   130.28 kB
dist/assets/vendor-D-qmPSyW.js                             961.79 kB │ gzip:   314.06 kB
dist/assets/core-runtime-qsXmxx09.js                     5,395.18 kB │ gzip: 1,877.54 kB

(!) Some chunks are larger than 2500 kB after minification. Consider:
- Using dynamic import() to code-split the application
- Use build.rollupOptions.output.manualChunks to improve chunking: https://rollupjs.org/configuration-options/#output-manualchunks
- Adjust chunk size limit for this warning via build.chunkSizeWarningLimit.
✓ built in 17.33s
✅ Workbox: 69 files precached (3442.00 KB)
⚠️ Workbox warnings: [
  "assets/core-runtime-qsXmxx09.js is 5.4 MB, and won't be precached. Configure maximumFileSizeToCacheInBytes to change this limit."
]

✨ [vite-plugin-compression]:algorithm=gzip - compressed file successfully: 
dist//home/titane-os/Documents/GitHub/TITANE_INFINITY/.vite/manifest.json.gz                                  30.07kb / gzip: 2.92kb
dist//home/titane-os/Documents/GitHub/TITANE_INFINITY/assets/ConfigurationHub-DmALKZ6c.js.gz                  33.84kb / gzip: 8.61kb
dist//home/titane-os/Documents/GitHub/TITANE_INFINITY/assets/DevPage-xFsTKy_F.js.gz                           28.97kb / gzip: 7.96kb
dist//home/titane-os/Documents/GitHub/TITANE_INFINITY/assets/LiveDebuggerEngine-g0u43EOK.js.gz                10.97kb / gzip: 3.79kb
dist//home/titane-os/Documents/GitHub/TITANE_INFINITY/assets/OrchestrationIntelligenceCenter-DOetURWa.js.gz   14.04kb / gzip: 3.73kb
dist//home/titane-os/Documents/GitHub/TITANE_INFINITY/assets/MemoryTreeViewer-C2UGPpJp.js.gz                  17.90kb / gzip: 4.77kb
dist//home/titane-os/Documents/GitHub/TITANE_INFINITY/assets/GovernanceCenterPage-B5sUDuC4.js.gz              40.80kb / gzip: 9.61kb
dist//home/titane-os/Documents/GitHub/TITANE_INFINITY/assets/SingularityMonitor-BpC32Xqu.js.gz                11.06kb / gzip: 2.85kb
dist//home/titane-os/Documents/GitHub/TITANE_INFINITY/assets/RealityCenter-Dfc9W4al.js.gz                     10.77kb / gzip: 2.74kb
dist//home/titane-os/Documents/GitHub/TITANE_INFINITY/assets/OrchestrationMetaCenter-B6ir23HY.js.gz           17.62kb / gzip: 4.34kb
dist//home/titane-os/Documents/GitHub/TITANE_INFINITY/assets/UltimateOptimizationDashboard-CaJ2xfml.js.gz     12.14kb / gzip: 3.40kb
dist//home/titane-os/Documents/GitHub/TITANE_INFINITY/assets/TotalDevPage-CTQMVWCw.js.gz                      18.62kb / gzip: 5.79kb
dist//home/titane-os/Documents/GitHub/TITANE_INFINITY/assets/VocalDevConsoleEngine-Chj5Hp0A.js.gz             10.22kb / gzip: 3.43kb
dist//home/titane-os/Documents/GitHub/TITANE_INFINITY/assets/SystemCenterPage-CdEx4RFO.js.gz                  42.87kb / gzip: 9.74kb
dist//home/titane-os/Documents/GitHub/TITANE_INFINITY/assets/TimePage-DHd8gMrt.js.gz                          47.56kb / gzip: 12.33kb
dist//home/titane-os/Documents/GitHub/TITANE_INFINITY/assets/index-CSXm3-jQ.js.gz                             30.15kb / gzip: 7.31kb
dist//home/titane-os/Documents/GitHub/TITANE_INFINITY/assets/d3-tree-BgEqgDEC.js.gz                           14.14kb / gzip: 4.19kb
dist//home/titane-os/Documents/GitHub/TITANE_INFINITY/assets/index-hnuTVKFn.js.gz                             35.77kb / gzip: 7.76kb
dist//home/titane-os/Documents/GitHub/TITANE_INFINITY/assets/motion-AkM2Fd2a.js.gz                            31.47kb / gzip: 10.88kb
dist//home/titane-os/Documents/GitHub/TITANE_INFINITY/assets/ui-audio-BpBtWAQu.js.gz                          18.48kb / gzip: 5.15kb
dist//home/titane-os/Documents/GitHub/TITANE_INFINITY/assets/tauri-vendor-KyqfgcBs.js.gz                      34.87kb / gzip: 7.80kb
dist//home/titane-os/Documents/GitHub/TITANE_INFINITY/assets/ui-dev-CGTdndFR.js.gz                            11.03kb / gzip: 3.14kb
dist//home/titane-os/Documents/GitHub/TITANE_INFINITY/assets/ui-memory-evolution-C7tHKwuK.js.gz               11.97kb / gzip: 3.41kb
dist//home/titane-os/Documents/GitHub/TITANE_INFINITY/assets/ui-quantum-BZEPepqM.js.gz                        17.54kb / gzip: 3.73kb
dist//home/titane-os/Documents/GitHub/TITANE_INFINITY/assets/ui-hyper-DPudeQXh.js.gz                          15.29kb / gzip: 4.90kb
dist//home/titane-os/Documents/GitHub/TITANE_INFINITY/assets/web-vitals-J_E3b7Hg.js.gz                        12.30kb / gzip: 3.76kb
dist//home/titane-os/Documents/GitHub/TITANE_INFINITY/assets/ui-optimization-BnHToEPv.js.gz                   37.46kb / gzip: 9.70kb
dist//home/titane-os/Documents/GitHub/TITANE_INFINITY/index.html.gz                                           11.57kb / gzip: 3.99kb
dist//home/titane-os/Documents/GitHub/TITANE_INFINITY/sw.js.gz                                                15.48kb / gzip: 3.60kb
dist//home/titane-os/Documents/GitHub/TITANE_INFINITY/assets/index-Qud4GyNO.js.gz                             17.68kb / gzip: 5.24kb
dist//home/titane-os/Documents/GitHub/TITANE_INFINITY/assets/i18n-jjj6gbc-.js.gz                              70.44kb / gzip: 23.59kb
dist//home/titane-os/Documents/GitHub/TITANE_INFINITY/assets/main-Dm4aENvP.js.gz                              75.39kb / gzip: 21.93kb
dist//home/titane-os/Documents/GitHub/TITANE_INFINITY/assets/telemetryEngine-DNl-zfXv.js.gz                   55.00kb / gzip: 16.20kb
dist//home/titane-os/Documents/GitHub/TITANE_INFINITY/assets/validation-D4ZC7LYL.js.gz                        67.85kb / gzip: 18.39kb
dist//home/titane-os/Documents/GitHub/TITANE_INFINITY/assets/chrono-BOU3IMM7.js.gz                            180.63kb / gzip: 54.41kb
dist//home/titane-os/Documents/GitHub/TITANE_INFINITY/assets/ai-transformers-BbHON6kw.js.gz                   197.95kb / gzip: 55.48kb
dist//home/titane-os/Documents/GitHub/TITANE_INFINITY/assets/style-DJo0BVUY.css.gz                            559.86kb / gzip: 90.14kb
dist//home/titane-os/Documents/GitHub/TITANE_INFINITY/assets/vendor-onnx-DvOc_54P.js.gz                       532.17kb / gzip: 126.75kb
dist//home/titane-os/Documents/GitHub/TITANE_INFINITY/stats.html.gz                                           2070.41kb / gzip: 213.82kb
dist//home/titane-os/Documents/GitHub/TITANE_INFINITY/assets/vendor-D-qmPSyW.js.gz                            939.25kb / gzip: 306.19kb
dist//home/titane-os/Documents/GitHub/TITANE_INFINITY/assets/core-runtime-qsXmxx09.js.gz                      5268.73kb / gzip: 1832.30kb



✨ [vite-plugin-compression]:algorithm=brotliCompress - compressed file successfully: 
dist//home/titane-os/Documents/GitHub/TITANE_INFINITY/assets/DevPage-xFsTKy_F.js.br                           28.97kb / brotliCompress: 7.02kb
dist//home/titane-os/Documents/GitHub/TITANE_INFINITY/assets/LiveDebuggerEngine-g0u43EOK.js.br                10.97kb / brotliCompress: 3.39kb
dist//home/titane-os/Documents/GitHub/TITANE_INFINITY/.vite/manifest.json.br                                  30.07kb / brotliCompress: 2.50kb
dist//home/titane-os/Documents/GitHub/TITANE_INFINITY/assets/ConfigurationHub-DmALKZ6c.js.br                  33.84kb / brotliCompress: 7.65kb
dist//home/titane-os/Documents/GitHub/TITANE_INFINITY/assets/MemoryTreeViewer-C2UGPpJp.js.br                  17.90kb / brotliCompress: 4.28kb
dist//home/titane-os/Documents/GitHub/TITANE_INFINITY/assets/GovernanceCenterPage-B5sUDuC4.js.br              40.80kb / brotliCompress: 8.54kb
dist//home/titane-os/Documents/GitHub/TITANE_INFINITY/assets/OrchestrationIntelligenceCenter-DOetURWa.js.br   14.04kb / brotliCompress: 3.30kb
dist//home/titane-os/Documents/GitHub/TITANE_INFINITY/assets/RealityCenter-Dfc9W4al.js.br                     10.77kb / brotliCompress: 2.40kb
dist//home/titane-os/Documents/GitHub/TITANE_INFINITY/assets/OrchestrationMetaCenter-B6ir23HY.js.br           17.62kb / brotliCompress: 3.87kb
dist//home/titane-os/Documents/GitHub/TITANE_INFINITY/assets/SingularityMonitor-BpC32Xqu.js.br                11.06kb / brotliCompress: 2.50kb
dist//home/titane-os/Documents/GitHub/TITANE_INFINITY/assets/TotalDevPage-CTQMVWCw.js.br                      18.62kb / brotliCompress: 5.15kb
dist//home/titane-os/Documents/GitHub/TITANE_INFINITY/assets/UltimateOptimizationDashboard-CaJ2xfml.js.br     12.14kb / brotliCompress: 3.02kb
dist//home/titane-os/Documents/GitHub/TITANE_INFINITY/assets/VocalDevConsoleEngine-Chj5Hp0A.js.br             10.22kb / brotliCompress: 3.11kb
dist//home/titane-os/Documents/GitHub/TITANE_INFINITY/assets/SystemCenterPage-CdEx4RFO.js.br                  42.87kb / brotliCompress: 8.56kb
dist//home/titane-os/Documents/GitHub/TITANE_INFINITY/assets/d3-tree-BgEqgDEC.js.br                           14.14kb / brotliCompress: 3.78kb
dist//home/titane-os/Documents/GitHub/TITANE_INFINITY/assets/TimePage-DHd8gMrt.js.br                          47.56kb / brotliCompress: 10.92kb
dist//home/titane-os/Documents/GitHub/TITANE_INFINITY/assets/index-CSXm3-jQ.js.br                             30.15kb / brotliCompress: 6.46kb
dist//home/titane-os/Documents/GitHub/TITANE_INFINITY/assets/index-Qud4GyNO.js.br                             17.68kb / brotliCompress: 4.63kb
dist//home/titane-os/Documents/GitHub/TITANE_INFINITY/assets/motion-AkM2Fd2a.js.br                            31.47kb / brotliCompress: 9.84kb
dist//home/titane-os/Documents/GitHub/TITANE_INFINITY/assets/index-hnuTVKFn.js.br                             35.77kb / brotliCompress: 6.92kb
dist//home/titane-os/Documents/GitHub/TITANE_INFINITY/assets/ui-memory-evolution-C7tHKwuK.js.br               11.97kb / brotliCompress: 3.01kb
dist//home/titane-os/Documents/GitHub/TITANE_INFINITY/assets/ui-audio-BpBtWAQu.js.br                          18.48kb / brotliCompress: 4.62kb
dist//home/titane-os/Documents/GitHub/TITANE_INFINITY/assets/tauri-vendor-KyqfgcBs.js.br                      34.87kb / brotliCompress: 6.95kb
dist//home/titane-os/Documents/GitHub/TITANE_INFINITY/assets/ui-optimization-BnHToEPv.js.br                   37.46kb / brotliCompress: 8.62kb
dist//home/titane-os/Documents/GitHub/TITANE_INFINITY/assets/ui-quantum-BZEPepqM.js.br                        17.54kb / brotliCompress: 3.29kb
dist//home/titane-os/Documents/GitHub/TITANE_INFINITY/assets/telemetryEngine-DNl-zfXv.js.br                   55.00kb / brotliCompress: 14.15kb
dist//home/titane-os/Documents/GitHub/TITANE_INFINITY/assets/ui-hyper-DPudeQXh.js.br                          15.29kb / brotliCompress: 4.34kb
dist//home/titane-os/Documents/GitHub/TITANE_INFINITY/assets/ui-dev-CGTdndFR.js.br                            11.03kb / brotliCompress: 2.73kb
dist//home/titane-os/Documents/GitHub/TITANE_INFINITY/assets/web-vitals-J_E3b7Hg.js.br                        12.30kb / brotliCompress: 3.32kb
dist//home/titane-os/Documents/GitHub/TITANE_INFINITY/index.html.br                                           11.57kb / brotliCompress: 3.22kb
dist//home/titane-os/Documents/GitHub/TITANE_INFINITY/sw.js.br                                                15.48kb / brotliCompress: 3.04kb
dist//home/titane-os/Documents/GitHub/TITANE_INFINITY/assets/i18n-jjj6gbc-.js.br                              70.44kb / brotliCompress: 20.92kb
dist//home/titane-os/Documents/GitHub/TITANE_INFINITY/assets/main-Dm4aENvP.js.br                              75.39kb / brotliCompress: 19.01kb
dist//home/titane-os/Documents/GitHub/TITANE_INFINITY/assets/validation-D4ZC7LYL.js.br                        67.85kb / brotliCompress: 16.33kb
dist//home/titane-os/Documents/GitHub/TITANE_INFINITY/assets/ai-transformers-BbHON6kw.js.br                   197.95kb / brotliCompress: 47.55kb
dist//home/titane-os/Documents/GitHub/TITANE_INFINITY/assets/chrono-BOU3IMM7.js.br                            180.63kb / brotliCompress: 46.90kb
dist//home/titane-os/Documents/GitHub/TITANE_INFINITY/assets/style-DJo0BVUY.css.br                            559.86kb / brotliCompress: 69.53kb
dist//home/titane-os/Documents/GitHub/TITANE_INFINITY/assets/vendor-onnx-DvOc_54P.js.br                       532.17kb / brotliCompress: 99.51kb
dist//home/titane-os/Documents/GitHub/TITANE_INFINITY/assets/vendor-D-qmPSyW.js.br                            939.25kb / brotliCompress: 260.26kb
dist//home/titane-os/Documents/GitHub/TITANE_INFINITY/stats.html.br                                           2070.41kb / brotliCompress: 144.93kb
dist//home/titane-os/Documents/GitHub/TITANE_INFINITY/assets/core-runtime-qsXmxx09.js.br                      5268.73kb / brotliCompress: 1408.80kb


